BL51 BANKED LINKER/LOCATER V6.00                                                        01/26/2015  15:29:11  PAGE 1


BL51 BANKED LINKER/LOCATER V6.00, INVOKED BY:
D:\PROGRAM FILES\KEIL\C51\BIN\BL51.EXE .\output\STARTUP.obj, .\output\keyboard.obj, .\output\main.obj, .\output\measure.
>> obj, .\output\menu.obj, .\output\pubic.obj, .\output\stc15f2kIntProcess.obj, .\output\storeProcess.obj, .\output\sysF
>> unction.obj, .\output\ad7793.obj, .\output\at24c512.obj, .\output\ds1302.obj, .\output\ds18b20.obj, .\output\oled.obj
>> , .\output\stc15f2k60s2func.obj TO .\output\TemperatureMeasure PRINT (.\list\TemperatureMeasure.m51) RAMSIZE (256)


MEMORY MODEL: SMALL WITH FLOATING POINT ARITHMETIC


INPUT MODULES INCLUDED:
  .\output\STARTUP.obj (?C_STARTUP)
  .\output\keyboard.obj (KEYBOARD)
  .\output\main.obj (MAIN)
  .\output\measure.obj (MEASURE)
  .\output\menu.obj (MENU)
  .\output\pubic.obj (PUBIC)
  .\output\stc15f2kIntProcess.obj (STC15F2KINTPROCESS)
  .\output\storeProcess.obj (STOREPROCESS)
  .\output\sysFunction.obj (SYSFUNCTION)
  .\output\ad7793.obj (AD7793)
  .\output\at24c512.obj (AT24C512)
  .\output\ds1302.obj (DS1302)
  .\output\ds18b20.obj (DS18B20)
  .\output\oled.obj (OLED)
  .\output\stc15f2k60s2func.obj (STC15F2K60S2FUNC)
  D:\PROGRAM FILES\KEIL\C51\LIB\C51FPS.LIB (?C?FPADD)
  D:\PROGRAM FILES\KEIL\C51\LIB\C51FPS.LIB (?C?FPMUL)
  D:\PROGRAM FILES\KEIL\C51\LIB\C51FPS.LIB (?C?FPDIV)
  D:\PROGRAM FILES\KEIL\C51\LIB\C51FPS.LIB (?C?FPCMP)
  D:\PROGRAM FILES\KEIL\C51\LIB\C51FPS.LIB (?C?FPNEG)
  D:\PROGRAM FILES\KEIL\C51\LIB\C51FPS.LIB (?C?FCAST)
  D:\PROGRAM FILES\KEIL\C51\LIB\C51FPS.LIB (?C?CASTF)
  D:\PROGRAM FILES\KEIL\C51\LIB\C51FPS.LIB (PRINTF)
  D:\PROGRAM FILES\KEIL\C51\LIB\C51FPS.LIB (ATOF)
  D:\PROGRAM FILES\KEIL\C51\LIB\C51FPS.LIB (SQRT)
  D:\PROGRAM FILES\KEIL\C51\LIB\C51FPS.LIB (?C?FPGETOPN)
  D:\PROGRAM FILES\KEIL\C51\LIB\C51FPS.LIB (?C?FPROUND)
  D:\PROGRAM FILES\KEIL\C51\LIB\C51FPS.LIB (?C?FPCONVERT)
  D:\PROGRAM FILES\KEIL\C51\LIB\C51FPS.LIB (?C?ATOF)
  D:\PROGRAM FILES\KEIL\C51\LIB\C51FPS.LIB (?C?FTNPWR)
  D:\PROGRAM FILES\KEIL\C51\LIB\C51S.LIB (?C_INIT)
  D:\PROGRAM FILES\KEIL\C51\LIB\C51S.LIB (?C?CLDPTR)
  D:\PROGRAM FILES\KEIL\C51\LIB\C51S.LIB (?C?CLDOPTR)
  D:\PROGRAM FILES\KEIL\C51\LIB\C51S.LIB (?C?CILDPTR)
  D:\PROGRAM FILES\KEIL\C51\LIB\C51S.LIB (?C?CILDOPTR)
  D:\PROGRAM FILES\KEIL\C51\LIB\C51S.LIB (?C?CSTPTR)
  D:\PROGRAM FILES\KEIL\C51\LIB\C51S.LIB (?C?CSTOPTR)
  D:\PROGRAM FILES\KEIL\C51\LIB\C51S.LIB (?C?IMUL)
  D:\PROGRAM FILES\KEIL\C51\LIB\C51S.LIB (?C?UIDIV)
  D:\PROGRAM FILES\KEIL\C51\LIB\C51S.LIB (?C?ILDOPTR)
  D:\PROGRAM FILES\KEIL\C51\LIB\C51S.LIB (?C?LMUL)
  D:\PROGRAM FILES\KEIL\C51\LIB\C51S.LIB (?C?SLDIV)
  D:\PROGRAM FILES\KEIL\C51\LIB\C51S.LIB (?C?LNEG)
  D:\PROGRAM FILES\KEIL\C51\LIB\C51S.LIB (?C?SLCMP)
  D:\PROGRAM FILES\KEIL\C51\LIB\C51S.LIB (?C?LLDIDATA)
  D:\PROGRAM FILES\KEIL\C51\LIB\C51S.LIB (?C?LLDCODE)
  D:\PROGRAM FILES\KEIL\C51\LIB\C51S.LIB (?C?LLDIDATA0)
BL51 BANKED LINKER/LOCATER V6.00                                                      01/26/2015  15:29:11  PAGE 2


  D:\PROGRAM FILES\KEIL\C51\LIB\C51S.LIB (?C?LLDCODE0)
  D:\PROGRAM FILES\KEIL\C51\LIB\C51S.LIB (?C?LSTIDATA)
  D:\PROGRAM FILES\KEIL\C51\LIB\C51S.LIB (?C?LSTXDATA)
  D:\PROGRAM FILES\KEIL\C51\LIB\C51S.LIB (?C?LSTKIDATA)
  D:\PROGRAM FILES\KEIL\C51\LIB\C51S.LIB (?C?LSTKXDATA)
  D:\PROGRAM FILES\KEIL\C51\LIB\C51S.LIB (?C?PLDIIDATA)
  D:\PROGRAM FILES\KEIL\C51\LIB\C51S.LIB (?C?PLDOPTR)
  D:\PROGRAM FILES\KEIL\C51\LIB\C51S.LIB (?C?CCASE)
  D:\PROGRAM FILES\KEIL\C51\LIB\C51S.LIB (?C?ICALL)
  D:\PROGRAM FILES\KEIL\C51\LIB\C51S.LIB (PUTCHAR)
  D:\PROGRAM FILES\KEIL\C51\LIB\C51S.LIB (ISSPACE)
  D:\PROGRAM FILES\KEIL\C51\LIB\C51S.LIB (?C?ULDIV)
  D:\PROGRAM FILES\KEIL\C51\LIB\C51S.LIB (?C?PLDIDATA)
  D:\PROGRAM FILES\KEIL\C51\LIB\C51S.LIB (?C?PLDXDATA)
  D:\PROGRAM FILES\KEIL\C51\LIB\C51S.LIB (?C?PLDPDATA)
  D:\PROGRAM FILES\KEIL\C51\LIB\C51S.LIB (?C?PLDCODE)


LINK MAP OF MODULE:  .\output\TemperatureMeasure (?C_STARTUP)


            TYPE    BASE      LENGTH    RELOCATION   SEGMENT NAME
            -----------------------------------------------------

            * * * * * * *   D A T A   M E M O R Y   * * * * * * *
            REG     0000H     0008H     ABSOLUTE     "REG BANK 0"
            DATA    0008H     0009H     UNIT         ?DT?MENU
            DATA    0011H     0008H     UNIT         ?DT?MEASURE
            DATA    0019H     0003H     UNIT         ?DT?STC15F2KINTPROCESS
            IDATA   001CH     0001H     UNIT         _IDATA_GROUP_
                    001DH     0003H                  *** GAP ***
            BIT     0020H.0   0001H.1   UNIT         _BIT_GROUP_
                    0021H.1   0000H.7                *** GAP ***
            DATA    0022H     0025H     UNIT         _DATA_GROUP_
            IDATA   0047H     0045H     UNIT         ?ID?MEASURE
            IDATA   008CH     001FH     UNIT         ?ID?STOREPROCESS
            IDATA   00ABH     001EH     UNIT         ?ID?PUBIC
            IDATA   00C9H     0007H     UNIT         ?ID?SYSFUNCTION
            IDATA   00D0H     0005H     UNIT         ?ID?KEYBOARD
            IDATA   00D5H     0005H     UNIT         ?ID?MENU
            IDATA   00DAH     0001H     UNIT         ?STACK

            * * * * * * *  X D A T A   M E M O R Y  * * * * * * *
            XDATA   0000H     022AH     UNIT         ?XD?MEASURE
            XDATA   022AH     010CH     UNIT         ?XD?PUBIC
            XDATA   0336H     00DDH     UNIT         _XDATA_GROUP_
            XDATA   0413H     0054H     UNIT         ?XD?MENU

            * * * * * * *   C O D E   M E M O R Y   * * * * * * *
            CODE    0000H     0003H     ABSOLUTE     
            CODE    0003H     0007H     UNIT         ?PR?_DELAY60US?PUBIC
                    000AH     0001H                  *** GAP ***
            CODE    000BH     0003H     ABSOLUTE     
            CODE    000EH     000DH     UNIT         ?PR?STOREADDRESSFORMAT?STOREPROCESS
            CODE    001BH     0003H     ABSOLUTE     
            CODE    001EH     0005H     UNIT         ?PR?DELAY2US?PUBIC
            CODE    0023H     0003H     ABSOLUTE     
BL51 BANKED LINKER/LOCATER V6.00                                                      01/26/2015  15:29:11  PAGE 3


            CODE    0026H     0C4CH     UNIT         ?PR?SYSTEMSET?MENU
            CODE    0C72H     0BB1H     UNIT         ?PR?MEASURESET?MENU
            CODE    1823H     0A72H     UNIT         ?PR?STORESET?MENU
            CODE    2295H     09CCH     UNIT         ?CO?MEASURE
            CODE    2C61H     095AH     UNIT         ?C?LIB_CODE
            CODE    35BBH     07D7H     UNIT         ?PR?MAINMEASURE?MEASURE
            CODE    3D92H     07A8H     UNIT         ?CO?OLED
            CODE    453AH     067CH     UNIT         ?PR?COEFFSET?MENU
            CODE    4BB6H     05FCH     UNIT         ?PR?COMPROCESS?SYSFUNCTION
            CODE    51B2H     05A4H     UNIT         ?PR?_VOLTTOTEMPER?MEASURE
            CODE    5756H     05A4H     UNIT         ?PR?MEASURE?MENU
            CODE    5CFAH     046FH     UNIT         ?PR?PRINTF?PRINTF
            CODE    6169H     0460H     UNIT         ?PR?CALCFLUCANDUNIF?MEASURE
            CODE    65C9H     0442H     UNIT         ?PR?MEADISPLAYINIT?MENU
            CODE    6A0BH     0390H     UNIT         ?CO?MENU
            CODE    6D9BH     02DCH     UNIT         ?PR?COEFFINIT?SYSFUNCTION
            CODE    7077H     02B1H     UNIT         ?PR?SETTINGINIT?SYSFUNCTION
            CODE    7328H     027CH     UNIT         ?PR?COEFFICIENTWRITE?SYSFUNCTION
            CODE    75A4H     020BH     UNIT         ?PR?_RESISTANCETOTEMPER?MEASURE
            CODE    77AFH     01B9H     UNIT         ?PR?STOREMEASUREDATA?STOREPROCESS
            CODE    7968H     017BH     UNIT         ?PR?CHANNELSWITCH?MAIN
            CODE    7AE3H     0176H     UNIT         ?PR?MEASUREPROCESS?MEASURE
            CODE    7C59H     015DH     UNIT         ?PR?SHUTDOWNPROCESS?MENU
            CODE    7DB6H     0146H     UNIT         ?PR?_CALCTIME?PUBIC
            CODE    7EFCH     0142H     UNIT         ?PR?COEFFTOASCII?MENU
            CODE    803EH     013AH     UNIT         ?PR?MEADISPLAYTEMPDAT?MENU
            CODE    8178H     0136H     UNIT         ?PR?FORMATDO?SYSFUNCTION
            CODE    82AEH     0134H     UNIT         ?PR?SETTINGWRITE?SYSFUNCTION
            CODE    83E2H     0129H     UNIT         ?PR?STOREFRAMEHEAD?STOREPROCESS
            CODE    850BH     011AH     UNIT         ?PR?MEADISPLAYHUMOTHER?MENU
            CODE    8625H     0103H     UNIT         ?PR?MEADISPLAYHUMDATA?MENU
            CODE    8728H     0100H     UNIT         ?CO?DS18B20
            CODE    8828H     00EBH     UNIT         ?PR?OLEDINIT?OLED
            CODE    8913H     00E7H     UNIT         ?PR?DATETIMECHECK?MENU
            CODE    89FAH     00E6H     UNIT         ?PR??C?ATOF??C?ATOF
            CODE    8AE0H     00D5H     UNIT         ?PR?STOREPROCESS?STOREPROCESS
            CODE    8BB5H     00C6H     UNIT         ?PR?ASCIITOCOEFF?MENU
            CODE    8C7BH     00BBH     UNIT         ?PR?CALCSTORENUMBER?STOREPROCESS
            CODE    8D36H     00ABH     UNIT         ?PR?UART1_ROUNTINE?STC15F2KINTPROCESS
            CODE    8DE1H     00AAH     UNIT         ?PR?SQRT?SQRT
            CODE    8E8BH     00A3H     UNIT         ?PR?_BYTETOHEXASCII?PUBIC
            CODE    8F2EH     008CH     UNIT         ?C_C51STARTUP
            CODE    8FBAH     007BH     UNIT         ?PR?SELECTMENUPROCESS?MENU
            CODE    9035H     007AH     UNIT         ?PR?MEADISPLAYTEMPOTHER?MENU
            CODE    90AFH     0079H     UNIT         ?PR?_DS18B20?DS18B20
            CODE    9128H     0074H     UNIT         ?PR?_SELECTMENUDISPLAY?MENU
            CODE    919CH     006EH     UNIT         ?PR?ONLINEPROCESS?SYSFUNCTION
            CODE    920AH     006DH     UNIT         ?PR?DITHERLESSKEY?KEYBOARD
            CODE    9277H     006BH     UNIT         ?PR?TIMER1_ROUNTINE?STC15F2KINTPROCESS
            CODE    92E2H     0067H     UNIT         ?PR?_BCDTOASCII?PUBIC
            CODE    9349H     0067H     UNIT         ?PR?_CHN16_16?OLED
            CODE    93B0H     0067H     UNIT         ?PR?_LETTER8_8?OLED
            CODE    9417H     0065H     UNIT         ?PR?BATTERYDISPLAY?SYSFUNCTION
            CODE    947CH     0063H     UNIT         ?PR?DS18B20CHECK?DS18B20
            CODE    94DFH     005FH     UNIT         ?PR?_AT24C512SEQRANDOMREAD?AT24C512
            CODE    953EH     0055H     UNIT         ?PR?JNRNET?MENU
            CODE    9593H     0053H     UNIT         ?PR?MCUINIT?SYSFUNCTION
BL51 BANKED LINKER/LOCATER V6.00                                                      01/26/2015  15:29:11  PAGE 4


            CODE    95E6H     0052H     UNIT         ?PR?TIMER0_ROUNTINE?STC15F2KINTPROCESS
            CODE    9638H     004EH     UNIT         ?PR?_WRITE4BYTE?OLED
            CODE    9686H     004DH     UNIT         ?PR?_STC15L2K60S2IAPREAD?STC15F2K60S2FUNC
            CODE    96D3H     004DH     UNIT         ?PR?_STC15L2K60S2IAPPROGRAM?STC15F2K60S2FUNC
            CODE    9720H     004BH     UNIT         ?PR?_ASCIITOBCD?PUBIC
            CODE    976BH     004BH     UNIT         ?PR?_AD7793SET?AD7793
            CODE    97B6H     0049H     UNIT         ?PR?MAIN?MAIN
            CODE    97FFH     0049H     UNIT         ?PR?POWERMANAGE?SYSFUNCTION
            CODE    9848H     0048H     UNIT         ?PR?SELECTOPTIONDISPLAY?MENU
            CODE    9890H     0048H     UNIT         ?PR?_LETTER8_8C?OLED
            CODE    98D8H     0048H     UNIT         ?PR?ATOF?ATOF
            CODE    9920H     0046H     UNIT         ?PR?DEVICEINIT?SYSFUNCTION
            CODE    9966H     0044H     UNIT         ?PR?CLEARDATAPOINT?SYSFUNCTION
            CODE    99AAH     0044H     UNIT         ?C?LDIV
            CODE    99EEH     0043H     UNIT         ?PR?_AD7793REGREAD?AD7793
            CODE    9A31H     003FH     UNIT         ?PR?MENUPROCESS?MENU
            CODE    9A70H     003EH     UNIT         ?PR?FUNCTIONMENUCHOOSE?MENU
            CODE    9AAEH     0039H     UNIT         ?PR?OLEDMAP?OLED
            CODE    9AE7H     0036H     UNIT         ?PR?_SETDS1302TIME?DS1302
            CODE    9B1DH     0034H     UNIT         ?PR?KEYSCAN?KEYBOARD
            CODE    9B51H     0033H     UNIT         ?PR?_WRITECOMMAND?OLED
            CODE    9B84H     0032H     UNIT         ?PR?_IDROMREAD?STC15F2K60S2FUNC
            CODE    9BB6H     0031H     UNIT         ?PR?_CHN16_16C?OLED
            CODE    9BE7H     002FH     UNIT         ?PR?_IICWRITEBYTE?AT24C512
            CODE    9C16H     002FH     UNIT         ?PR?_SETDS1302DATE?DS1302
            CODE    9C45H     002EH     UNIT         ?PR?_AT24C512PAGEWRITE?AT24C512
            CODE    9C73H     002EH     UNIT         ?PR?DS18B20READBYTE?DS18B20
            CODE    9CA1H     002CH     UNIT         ?PR?_AD7793READDATA?AD7793
            CODE    9CCDH     002AH     UNIT         ?PR?STC15L2K60S2ENTERPOWERDOWN?STC15F2K60S2FUNC
            CODE    9CF7H     0029H     UNIT         ?PR?RELOADMENU?MENU
            CODE    9D20H     0028H     UNIT         ?PR?_PAGETOADDR?AT24C512
            CODE    9D48H     0028H     UNIT         ?PR?_ADDRINCREAM?AT24C512
            CODE    9D70H     0028H     UNIT         ?PR?_DS18B20WRITEBYTE?DS18B20
            CODE    9D98H     0027H     UNIT         ?PR?PUTCHAR?PUTCHAR
            CODE    9DBFH     0026H     UNIT         ?PR?_BATTERYMEASURE?SYSFUNCTION
            CODE    9DE5H     0026H     UNIT         ?PR?_CRCCHECK?DS18B20
            CODE    9E0BH     0026H     UNIT         ?PR?_UARTSEND?STC15F2K60S2FUNC
            CODE    9E31H     0025H     UNIT         ?PR?SYSTEMINIT?MAIN
            CODE    9E56H     0024H     UNIT         ?PR?DS18B20INIT?DS18B20
            CODE    9E7AH     0023H     UNIT         ?PR?_IDRAMREAD?STC15F2K60S2FUNC
            CODE    9E9DH     0023H     UNIT         ?PR?CHECKSTCMCUID?STC15F2K60S2FUNC
            CODE    9EC0H     0022H     UNIT         ?PR?AD7793READDATACMD?AD7793
            CODE    9EE2H     0022H     UNIT         ?PR?_WRITEBYTE?DS1302
            CODE    9F04H     0022H     UNIT         ?PR?_WRITEDATA?OLED
            CODE    9F26H     0021H     UNIT         ?PR?_GETDS1302DATE?DS1302
            CODE    9F47H     0021H     UNIT         ?PR?_GETDS1302TIME?DS1302
            CODE    9F68H     0021H     UNIT         ?PR?_FULLSCREEN?OLED
            CODE    9F89H     0020H     UNIT         ?PR?_AD7793REGWRITE?AD7793
            CODE    9FA9H     0020H     UNIT         ?PR?_DRAWRECTANGLE?OLED
            CODE    9FC9H     001FH     UNIT         ?PR?IICREADBYTE?AT24C512
            CODE    9FE8H     001FH     UNIT         ?PR?IICREADBYTEACK?AT24C512
            CODE    A007H     001FH     UNIT         ?PR?RESET?DS18B20
            CODE    A026H     001EH     UNIT         ?PR?HUMPOWERSWITCH?SYSFUNCTION
            CODE    A044H     001CH     UNIT         ?PR?COMSENDFRAMEHEAD?SYSFUNCTION
            CODE    A060H     001AH     UNIT         ?PR?_DECTOBCD?PUBIC
            CODE    A07AH     001AH     UNIT         ?PR?_DELAY1MS?PUBIC
            CODE    A094H     001AH     UNIT         ?PR?READBYTE?DS1302
BL51 BANKED LINKER/LOCATER V6.00                                                      01/26/2015  15:29:11  PAGE 5


            CODE    A0AEH     0019H     UNIT         ?PR?AD7793ENTERPOWERDOWNMODE?AD7793
            CODE    A0C7H     0019H     UNIT         ?PR?_STC15L2K60S2IAPREADBYTE?STC15F2K60S2FUNC
            CODE    A0E0H     0018H     UNIT         ?PR?COMSENDACK?SYSFUNCTION
            CODE    A0F8H     0018H     UNIT         ?CO?SYSFUNCTION
            CODE    A110H     0018H     UNIT         ?PR?RSTAD7793?AD7793
            CODE    A128H     0017H     UNIT         ?PR?DISPLAYDEFAULTMENU?MENU
            CODE    A13FH     0017H     UNIT         ?PR?SELECTMENUINIT?MENU
            CODE    A156H     0017H     UNIT         ?PR?KEYPREPROCESS?SYSFUNCTION
            CODE    A16DH     0016H     UNIT         ?PR?AT24CRESET?AT24C512
            CODE    A183H     0016H     UNIT         ?PR?_FILLBLOCK?OLED
            CODE    A199H     0016H     UNIT         ?PR?_STC15L2K60S2IAPPROGRAMBYTE?STC15F2K60S2FUNC
            CODE    A1AFH     0015H     UNIT         ?C_INITSEG
            CODE    A1C4H     0015H     UNIT         ?PR?_BCDTODEC?PUBIC
            CODE    A1D9H     0014H     UNIT         ?PR?_IAPERASESECTOR?STC15F2K60S2FUNC
            CODE    A1EDH     0013H     UNIT         ?PR?AD7793READID?AD7793
            CODE    A200H     0013H     UNIT         ?PR?_ISSPACE?ISSPACE
            CODE    A213H     0012H     UNIT         ?PR?ENTERSHUTDOWNMODE?SYSFUNCTION
            CODE    A225H     000FH     UNIT         ?PR?AD7793ZEROCALIBRATION?AD7793
            CODE    A234H     000FH     UNIT         ?PR?_WRITEDS1302BYTE?DS1302
            CODE    A243H     000DH     UNIT         ?PR?_READDS1302BYTE?DS1302
            CODE    A250H     000DH     UNIT         ?PR?IAPIDLE?STC15F2K60S2FUNC
            CODE    A25DH     000CH     UNIT         ?PR?DISPLAYPREPROCESS?SYSFUNCTION
            CODE    A269H     000CH     UNIT         ?PR?_GRAPHICACCEOPTION?OLED
            CODE    A275H     000AH     UNIT         ?PR?DISPLAYINIT?SYSFUNCTION
            CODE    A27FH     0009H     UNIT         ?PR?IICSTART?AT24C512
            CODE    A288H     0009H     UNIT         ?PR?IICSTOP?AT24C512
            CODE    A291H     0007H     UNIT         ?CO?STC15F2K60S2FUNC
            CODE    A298H     0005H     UNIT         ?PR?AT24CINIT?AT24C512
            CODE    A29DH     0005H     UNIT         ?PR?OLEDDISPLAYON?OLED
            CODE    A2A2H     0005H     UNIT         ?PR?OLEDDISPLAYOFF?OLED
            CODE    A2A7H     0004H     UNIT         ?PR?WDTENABLE?STC15F2K60S2FUNC
            CODE    A2ABH     0004H     UNIT         ?PR?WDTCLEAN?STC15F2K60S2FUNC



OVERLAY MAP OF MODULE:   .\output\TemperatureMeasure (?C_STARTUP)


SEGMENT                                             BIT_GROUP          DATA_GROUP          IDATA_GROUP         XDATA_GRO
>> UP
  +--> CALLED SEGMENT                            START    LENGTH     START    LENGTH     START    LENGTH     START    LE
>> NGTH
------------------------------------------------------------------------------------------------------------------------
>> ----
?C_C51STARTUP                                    -----    -----      -----    -----      -----    -----      -----    --
>> ---
  +--> ?PR?MAIN?MAIN
  +--> ?C_INITSEG

?PR?MAIN?MAIN                                    -----    -----      -----    -----      -----    -----      -----    --
>> ---
  +--> ?PR?SYSTEMINIT?MAIN
  +--> ?PR?CHANNELSWITCH?MAIN
  +--> ?PR?WDTCLEAN?STC15F2K60S2FUNC
  +--> ?PR?POWERMANAGE?SYSFUNCTION
  +--> ?PR?KEYPREPROCESS?SYSFUNCTION
  +--> ?PR?DISPLAYPREPROCESS?SYSFUNCTION
BL51 BANKED LINKER/LOCATER V6.00                                                      01/26/2015  15:29:11  PAGE 6


  +--> ?PR?COMPROCESS?SYSFUNCTION
  +--> ?PR?MAINMEASURE?MEASURE
  +--> ?PR?ONLINEPROCESS?SYSFUNCTION
  +--> ?PR?MEASUREPROCESS?MEASURE
  +--> ?PR?STOREPROCESS?STOREPROCESS
  +--> ?PR?MENUPROCESS?MENU

?PR?SYSTEMINIT?MAIN                              -----    -----      -----    -----      -----    -----      -----    --
>> ---
  +--> ?PR?MCUINIT?SYSFUNCTION
  +--> ?PR?_DELAY1MS?PUBIC
  +--> ?PR?WDTENABLE?STC15F2K60S2FUNC
  +--> ?PR?DISPLAYINIT?SYSFUNCTION
  +--> ?PR?SETTINGINIT?SYSFUNCTION
  +--> ?PR?COEFFINIT?SYSFUNCTION
  +--> ?PR?WDTCLEAN?STC15F2K60S2FUNC
  +--> ?PR?DEVICEINIT?SYSFUNCTION

?PR?MCUINIT?SYSFUNCTION                          -----    -----      -----    -----      -----    -----      -----    --
>> ---
  +--> ?CO?SYSFUNCTION
  +--> ?PR?_UARTSEND?STC15F2K60S2FUNC

?PR?_UARTSEND?STC15F2K60S2FUNC                   -----    -----      0024H    0003H      -----    -----      -----    --
>> ---

?PR?DISPLAYINIT?SYSFUNCTION                      -----    -----      -----    -----      -----    -----      -----    --
>> ---
  +--> ?PR?OLEDINIT?OLED
  +--> ?PR?OLEDMAP?OLED

?PR?OLEDINIT?OLED                                -----    -----      -----    -----      -----    -----      -----    --
>> ---
  +--> ?PR?_DELAY1MS?PUBIC
  +--> ?PR?_WRITECOMMAND?OLED
  +--> ?PR?_FULLSCREEN?OLED

?PR?_FULLSCREEN?OLED                             -----    -----      -----    -----      -----    -----      -----    --
>> ---
  +--> ?PR?_WRITECOMMAND?OLED
  +--> ?PR?_WRITEDATA?OLED

?PR?OLEDMAP?OLED                                 -----    -----      -----    -----      -----    -----      -----    --
>> ---
  +--> ?PR?_WRITECOMMAND?OLED
  +--> ?CO?OLED
  +--> ?PR?_WRITE4BYTE?OLED

?PR?_WRITE4BYTE?OLED                             -----    -----      -----    -----      001CH    0001H      -----    --
>> ---
  +--> ?PR?_WRITEDATA?OLED

?PR?SETTINGINIT?SYSFUNCTION                      -----    -----      0022H    0008H      -----    -----      -----    --
>> ---
  +--> ?PR?_STC15L2K60S2IAPREAD?STC15F2K60S2...
  +--> ?PR?_GETDS1302TIME?DS1302
  +--> ?PR?_CALCTIME?PUBIC
BL51 BANKED LINKER/LOCATER V6.00                                                      01/26/2015  15:29:11  PAGE 7


  +--> ?PR?DS18B20INIT?DS18B20
  +--> ?PR?DS18B20CHECK?DS18B20
  +--> ?PR?_STC15L2K60S2IAPPROGRAM?STC15F2K6...

?PR?_STC15L2K60S2IAPREAD?STC15F2K60S2...         -----    -----      002AH    0009H      -----    -----      -----    --
>> ---
  +--> ?PR?_STC15L2K60S2IAPREADBYTE?STC15F2K...

?PR?_STC15L2K60S2IAPREADBYTE?STC15F2K...         -----    -----      -----    -----      -----    -----      -----    --
>> ---
  +--> ?PR?IAPIDLE?STC15F2K60S2FUNC

?PR?_GETDS1302TIME?DS1302                        -----    -----      -----    -----      -----    -----      -----    --
>> ---
  +--> ?PR?_READDS1302BYTE?DS1302

?PR?_READDS1302BYTE?DS1302                       -----    -----      -----    -----      -----    -----      -----    --
>> ---
  +--> ?PR?_WRITEBYTE?DS1302
  +--> ?PR?READBYTE?DS1302

?PR?_CALCTIME?PUBIC                              -----    -----      002BH    0006H      -----    -----      -----    --
>> ---
  +--> ?PR?_BCDTODEC?PUBIC
  +--> ?PR?_DECTOBCD?PUBIC

?PR?DS18B20INIT?DS18B20                          -----    -----      -----    -----      -----    -----      -----    --
>> ---
  +--> ?PR?RESET?DS18B20
  +--> ?PR?_DS18B20WRITEBYTE?DS18B20

?PR?RESET?DS18B20                                -----    -----      0031H    0001H      -----    -----      -----    --
>> ---
  +--> ?PR?_DELAY60US?PUBIC

?PR?_DS18B20WRITEBYTE?DS18B20                    -----    -----      0031H    0002H      -----    -----      -----    --
>> ---
  +--> ?PR?DELAY2US?PUBIC
  +--> ?PR?_DELAY60US?PUBIC

?PR?DS18B20CHECK?DS18B20                         -----    -----      002AH    0003H      -----    -----      -----    --
>> ---
  +--> ?PR?RESET?DS18B20
  +--> ?PR?_DS18B20WRITEBYTE?DS18B20
  +--> ?PR?DS18B20READBYTE?DS18B20

?PR?DS18B20READBYTE?DS18B20                      -----    -----      0031H    0002H      -----    -----      -----    --
>> ---
  +--> ?PR?DELAY2US?PUBIC
  +--> ?PR?_DELAY60US?PUBIC

?PR?_STC15L2K60S2IAPPROGRAM?STC15F2K6...         -----    -----      002BH    0009H      -----    -----      -----    --
>> ---
  +--> ?PR?_STC15L2K60S2IAPPROGRAMBYTE?STC15...

?PR?_STC15L2K60S2IAPPROGRAMBYTE?STC15...         -----    -----      -----    -----      -----    -----      -----    --
>> ---
BL51 BANKED LINKER/LOCATER V6.00                                                      01/26/2015  15:29:11  PAGE 8


  +--> ?PR?IAPIDLE?STC15F2K60S2FUNC

?PR?COEFFINIT?SYSFUNCTION                        -----    -----      0022H    0001H      -----    -----      -----    --
>> ---
  +--> ?PR?_STC15L2K60S2IAPREAD?STC15F2K60S2...

?PR?DEVICEINIT?SYSFUNCTION                       -----    -----      -----    -----      -----    -----      -----    --
>> ---
  +--> ?PR?HUMPOWERSWITCH?SYSFUNCTION
  +--> ?PR?AT24CINIT?AT24C512
  +--> ?PR?AT24CRESET?AT24C512
  +--> ?PR?_WRITEDS1302BYTE?DS1302
  +--> ?PR?RSTAD7793?AD7793
  +--> ?PR?_GETDS1302TIME?DS1302
  +--> ?PR?_SETDS1302TIME?DS1302
  +--> ?PR?STOREADDRESSFORMAT?STOREPROCESS
  +--> ?PR?_FULLSCREEN?OLED
  +--> ?PR?_DELAY1MS?PUBIC
  +--> ?CO?SYSFUNCTION
  +--> ?PR?_UARTSEND?STC15F2K60S2FUNC

?PR?AT24CRESET?AT24C512                          -----    -----      -----    -----      -----    -----      -----    --
>> ---
  +--> ?PR?IICSTART?AT24C512
  +--> ?PR?IICSTOP?AT24C512

?PR?_WRITEDS1302BYTE?DS1302                      -----    -----      -----    -----      -----    -----      -----    --
>> ---
  +--> ?PR?_WRITEBYTE?DS1302

?PR?RSTAD7793?AD7793                             -----    -----      -----    -----      -----    -----      -----    --
>> ---
  +--> ?PR?_DELAY1MS?PUBIC

?PR?_SETDS1302TIME?DS1302                        -----    -----      -----    -----      -----    -----      -----    --
>> ---
  +--> ?PR?_WRITEDS1302BYTE?DS1302

?PR?POWERMANAGE?SYSFUNCTION                      -----    -----      -----    -----      -----    -----      -----    --
>> ---
  +--> ?PR?_BATTERYMEASURE?SYSFUNCTION
  +--> ?PR?BATTERYDISPLAY?SYSFUNCTION
  +--> ?PR?OLEDDISPLAYOFF?OLED
  +--> ?PR?ENTERSHUTDOWNMODE?SYSFUNCTION

?PR?_BATTERYMEASURE?SYSFUNCTION                  -----    -----      0022H    0003H      -----    -----      -----    --
>> ---
  +--> ?PR?_AD7793SET?AD7793
  +--> ?PR?AD7793READDATACMD?AD7793
  +--> ?PR?WDTCLEAN?STC15F2K60S2FUNC
  +--> ?PR?_AD7793READDATA?AD7793

?PR?_AD7793SET?AD7793                            -----    -----      -----    -----      -----    -----      -----    --
>> ---
  +--> ?PR?_AD7793REGWRITE?AD7793

?PR?AD7793READDATACMD?AD7793                     -----    -----      -----    -----      -----    -----      -----    --
BL51 BANKED LINKER/LOCATER V6.00                                                      01/26/2015  15:29:11  PAGE 9


>> ---
  +--> ?PR?CHECKSTCMCUID?STC15F2K60S2FUNC
  +--> ?PR?_AD7793REGWRITE?AD7793

?PR?CHECKSTCMCUID?STC15F2K60S2FUNC               -----    -----      0025H    0007H      -----    -----      -----    --
>> ---
  +--> ?PR?_IDROMREAD?STC15F2K60S2FUNC
  +--> ?CO?STC15F2K60S2FUNC

?PR?_IDROMREAD?STC15F2K60S2FUNC                  -----    -----      002CH    0005H      -----    -----      -----    --
>> ---

?PR?_AD7793READDATA?AD7793                       -----    -----      0025H    0003H      -----    -----      -----    --
>> ---
  +--> ?PR?_AD7793REGWRITE?AD7793
  +--> ?PR?_AD7793REGREAD?AD7793

?PR?_AD7793REGREAD?AD7793                        -----    -----      0028H    0003H      -----    -----      -----    --
>> ---

?PR?BATTERYDISPLAY?SYSFUNCTION                   -----    -----      -----    -----      -----    -----      -----    --
>> ---
  +--> ?PR?_LETTER8_8?OLED

?PR?_LETTER8_8?OLED                              -----    -----      0031H    0004H      -----    -----      -----    --
>> ---
  +--> ?PR?_WRITECOMMAND?OLED
  +--> ?CO?OLED
  +--> ?PR?_WRITE4BYTE?OLED

?PR?OLEDDISPLAYOFF?OLED                          -----    -----      -----    -----      -----    -----      -----    --
>> ---
  +--> ?PR?_WRITECOMMAND?OLED

?PR?ENTERSHUTDOWNMODE?SYSFUNCTION                -----    -----      -----    -----      -----    -----      -----    --
>> ---
  +--> ?PR?SETTINGWRITE?SYSFUNCTION
  +--> ?PR?COEFFICIENTWRITE?SYSFUNCTION
  +--> ?PR?_DELAY1MS?PUBIC
  +--> ?PR?STC15L2K60S2ENTERPOWERDOWN?STC15F...

?PR?SETTINGWRITE?SYSFUNCTION                     -----    -----      -----    -----      -----    -----      034BH    00
>> 82H
  +--> ?PR?_IAPERASESECTOR?STC15F2K60S2FUNC
  +--> ?PR?_STC15L2K60S2IAPPROGRAM?STC15F2K6...

?PR?_IAPERASESECTOR?STC15F2K60S2FUNC             -----    -----      -----    -----      -----    -----      -----    --
>> ---
  +--> ?PR?IAPIDLE?STC15F2K60S2FUNC

?PR?COEFFICIENTWRITE?SYSFUNCTION                 -----    -----      -----    -----      -----    -----      034BH    00
>> C8H
  +--> ?PR?_IAPERASESECTOR?STC15F2K60S2FUNC
  +--> ?PR?_STC15L2K60S2IAPPROGRAM?STC15F2K6...

?PR?KEYPREPROCESS?SYSFUNCTION                    -----    -----      -----    -----      -----    -----      -----    --
>> ---
BL51 BANKED LINKER/LOCATER V6.00                                                      01/26/2015  15:29:11  PAGE 10


  +--> ?PR?_DELAY1MS?PUBIC

?PR?DISPLAYPREPROCESS?SYSFUNCTION                -----    -----      -----    -----      -----    -----      -----    --
>> ---
  +--> ?PR?OLEDDISPLAYOFF?OLED
  +--> ?PR?OLEDDISPLAYON?OLED

?PR?OLEDDISPLAYON?OLED                           -----    -----      -----    -----      -----    -----      -----    --
>> ---
  +--> ?PR?_WRITECOMMAND?OLED

?PR?COMPROCESS?SYSFUNCTION                       -----    -----      0022H    0002H      -----    -----      0336H    00
>> 15H
  +--> ?PR?COMSENDACK?SYSFUNCTION
  +--> ?PR?DISPLAYDEFAULTMENU?MENU
  +--> ?PR?FORMATDO?SYSFUNCTION
  +--> ?PR?SETTINGWRITE?SYSFUNCTION
  +--> ?PR?COEFFICIENTWRITE?SYSFUNCTION
  +--> ?PR?OLEDDISPLAYOFF?OLED
  +--> ?PR?_IDROMREAD?STC15F2K60S2FUNC
  +--> ?PR?_IDRAMREAD?STC15F2K60S2FUNC
  +--> ?PR?AD7793READID?AD7793
  +--> ?PR?_UARTSEND?STC15F2K60S2FUNC
  +--> ?PR?COMSENDFRAMEHEAD?SYSFUNCTION
  +--> ?PR?_STC15L2K60S2IAPREAD?STC15F2K60S2...
  +--> ?PR?CLEARDATAPOINT?SYSFUNCTION
  +--> ?PR?_PAGETOADDR?AT24C512
  +--> ?PR?_AT24C512SEQRANDOMREAD?AT24C512
  +--> ?PR?_READDS1302BYTE?DS1302

?PR?COMSENDACK?SYSFUNCTION                       -----    -----      -----    -----      -----    -----      -----    --
>> ---
  +--> ?PR?COMSENDFRAMEHEAD?SYSFUNCTION

?PR?DISPLAYDEFAULTMENU?MENU                      -----    -----      -----    -----      -----    -----      -----    --
>> ---
  +--> ?CO?MENU
  +--> ?PR?_SELECTMENUDISPLAY?MENU
  +--> ?PR?SELECTOPTIONDISPLAY?MENU

?CO?MENU                                         -----    -----      -----    -----      -----    -----      -----    --
>> ---
  +--> ?PR?MEASURE?MENU
  +--> ?PR?MEASURESET?MENU
  +--> ?PR?COEFFSET?MENU
  +--> ?PR?STORESET?MENU
  +--> ?PR?SYSTEMSET?MENU
  +--> ?PR?JNRNET?MENU

?PR?MEASURE?MENU                                 -----    -----      -----    -----      -----    -----      -----    --
>> ---
  +--> ?PR?MEADISPLAYINIT?MENU
  +--> ?PR?_FULLSCREEN?OLED
  +--> ?PR?BATTERYDISPLAY?SYSFUNCTION
  +--> ?PR?_GETDS1302TIME?DS1302
  +--> ?PR?_BCDTOASCII?PUBIC
  +--> ?PR?_LETTER8_8C?OLED
BL51 BANKED LINKER/LOCATER V6.00                                                      01/26/2015  15:29:11  PAGE 11


  +--> ?PR?_BYTETOHEXASCII?PUBIC
  +--> ?PR?MEADISPLAYTEMPDAT?MENU
  +--> ?PR?MEADISPLAYHUMDATA?MENU
  +--> ?PR?MEADISPLAYTEMPOTHER?MENU
  +--> ?PR?MEADISPLAYHUMOTHER?MENU
  +--> ?PR?_LETTER8_8?OLED
  +--> ?PR?CLEARDATAPOINT?SYSFUNCTION

?PR?MEADISPLAYINIT?MENU                          -----    -----      -----    -----      -----    -----      -----    --
>> ---
  +--> ?PR?_FULLSCREEN?OLED
  +--> ?PR?_LETTER8_8?OLED
  +--> ?PR?MEADISPLAYTEMPDAT?MENU
  +--> ?PR?_LETTER8_8C?OLED
  +--> ?PR?MEADISPLAYHUMDATA?MENU
  +--> ?PR?CALCSTORENUMBER?STOREPROCESS
  +--> ?PR?MEADISPLAYTEMPOTHER?MENU
  +--> ?PR?MEADISPLAYHUMOTHER?MENU

?PR?MEADISPLAYTEMPDAT?MENU                       -----    -----      -----    -----      -----    -----      -----    --
>> ---
  +--> ?PR?PRINTF?PRINTF
  +--> ?PR?_LETTER8_8C?OLED

?PR?PRINTF?PRINTF                                0020H.0  0001H.1    002BH    001CH      -----    -----      -----    --
>> ---
  +--> ?PR?PUTCHAR?PUTCHAR

?PR?_LETTER8_8C?OLED                             -----    -----      002BH    0006H      -----    -----      -----    --
>> ---
  +--> ?PR?_LETTER8_8?OLED

?PR?MEADISPLAYHUMDATA?MENU                       -----    -----      -----    -----      -----    -----      -----    --
>> ---
  +--> ?PR?PRINTF?PRINTF
  +--> ?PR?_LETTER8_8C?OLED

?PR?CALCSTORENUMBER?STOREPROCESS                 -----    -----      002BH    0002H      -----    -----      -----    --
>> ---
  +--> ?PR?_READDS1302BYTE?DS1302

?PR?MEADISPLAYTEMPOTHER?MENU                     -----    -----      -----    -----      -----    -----      -----    --
>> ---
  +--> ?PR?PRINTF?PRINTF
  +--> ?PR?_LETTER8_8C?OLED

?PR?MEADISPLAYHUMOTHER?MENU                      -----    -----      -----    -----      -----    -----      -----    --
>> ---
  +--> ?PR?PRINTF?PRINTF
  +--> ?PR?_LETTER8_8C?OLED

?PR?_BYTETOHEXASCII?PUBIC                        -----    -----      002BH    0007H      -----    -----      -----    --
>> ---

?PR?CLEARDATAPOINT?SYSFUNCTION                   -----    -----      002BH    0002H      -----    -----      -----    --
>> ---
  +--> ?PR?_READDS1302BYTE?DS1302
BL51 BANKED LINKER/LOCATER V6.00                                                      01/26/2015  15:29:11  PAGE 12


  +--> ?PR?_WRITEDS1302BYTE?DS1302

?PR?MEASURESET?MENU                              -----    -----      -----    -----      -----    -----      -----    --
>> ---
  +--> ?PR?_LETTER8_8C?OLED
  +--> ?PR?_LETTER8_8?OLED
  +--> ?PR?PRINTF?PRINTF
  +--> ?PR?HUMPOWERSWITCH?SYSFUNCTION
  +--> ?PR?ATOF?ATOF
  +--> ?PR?SETTINGWRITE?SYSFUNCTION

?PR?ATOF?ATOF                                    -----    -----      002BH    0003H      -----    -----      -----    --
>> ---
  +--> ?PR?_ISSPACE?ISSPACE
  +--> ?PR??C?ATOF??C?ATOF

?PR??C?ATOF??C?ATOF                              0020H.0  0000H.5    002EH    0002H      -----    -----      -----    --
>> ---

?PR?COEFFSET?MENU                                -----    -----      -----    -----      -----    -----      -----    --
>> ---
  +--> ?PR?_LETTER8_8C?OLED
  +--> ?PR?PRINTF?PRINTF
  +--> ?PR?COEFFTOASCII?MENU
  +--> ?PR?_LETTER8_8?OLED
  +--> ?PR?ASCIITOCOEFF?MENU
  +--> ?PR?COEFFICIENTWRITE?SYSFUNCTION

?PR?COEFFTOASCII?MENU                            -----    -----      -----    -----      -----    -----      -----    --
>> ---
  +--> ?PR?PRINTF?PRINTF

?PR?ASCIITOCOEFF?MENU                            -----    -----      -----    -----      -----    -----      -----    --
>> ---
  +--> ?PR?ATOF?ATOF

?PR?STORESET?MENU                                -----    -----      -----    -----      -----    -----      -----    --
>> ---
  +--> ?PR?_LETTER8_8C?OLED
  +--> ?PR?_LETTER8_8?OLED
  +--> ?PR?_BCDTOASCII?PUBIC
  +--> ?PR?_GETDS1302TIME?DS1302
  +--> ?PR?_CALCTIME?PUBIC
  +--> ?PR?_ASCIITOBCD?PUBIC
  +--> ?PR?SETTINGWRITE?SYSFUNCTION

?PR?SYSTEMSET?MENU                               -----    -----      -----    -----      -----    -----      -----    --
>> ---
  +--> ?PR?_LETTER8_8C?OLED
  +--> ?PR?_GETDS1302DATE?DS1302
  +--> ?PR?_BCDTOASCII?PUBIC
  +--> ?PR?_GETDS1302TIME?DS1302
  +--> ?PR?DATETIMECHECK?MENU
  +--> ?CO?SYSFUNCTION
  +--> ?PR?_SETDS1302DATE?DS1302
  +--> ?PR?_SETDS1302TIME?DS1302
  +--> ?PR?_LETTER8_8?OLED
BL51 BANKED LINKER/LOCATER V6.00                                                      01/26/2015  15:29:11  PAGE 13


  +--> ?PR?_ASCIITOBCD?PUBIC
  +--> ?PR?_CALCTIME?PUBIC
  +--> ?PR?FORMATDO?SYSFUNCTION
  +--> ?PR?SETTINGWRITE?SYSFUNCTION
  +--> ?PR?COEFFICIENTWRITE?SYSFUNCTION

?PR?_GETDS1302DATE?DS1302                        -----    -----      -----    -----      -----    -----      -----    --
>> ---
  +--> ?PR?_READDS1302BYTE?DS1302

?PR?_SETDS1302DATE?DS1302                        -----    -----      -----    -----      -----    -----      -----    --
>> ---
  +--> ?PR?_WRITEDS1302BYTE?DS1302

?PR?FORMATDO?SYSFUNCTION                         -----    -----      002BH    0006H      -----    -----      -----    --
>> ---
  +--> ?PR?_WRITEDS1302BYTE?DS1302
  +--> ?CO?SYSFUNCTION
  +--> ?PR?_SETDS1302DATE?DS1302
  +--> ?PR?_SETDS1302TIME?DS1302

?PR?JNRNET?MENU                                  -----    -----      -----    -----      -----    -----      -----    --
>> ---
  +--> ?PR?_CHN16_16C?OLED
  +--> ?PR?_LETTER8_8C?OLED

?PR?_CHN16_16C?OLED                              -----    -----      002BH    0005H      -----    -----      -----    --
>> ---
  +--> ?PR?_CHN16_16?OLED

?PR?_CHN16_16?OLED                               -----    -----      0030H    0004H      -----    -----      -----    --
>> ---
  +--> ?PR?_WRITECOMMAND?OLED
  +--> ?CO?OLED
  +--> ?PR?_WRITE4BYTE?OLED

?PR?_SELECTMENUDISPLAY?MENU                      -----    -----      0024H    0007H      -----    -----      -----    --
>> ---
  +--> ?PR?_FULLSCREEN?OLED
  +--> ?PR?BATTERYDISPLAY?SYSFUNCTION
  +--> ?CO?MENU
  +--> ?PR?_LETTER8_8C?OLED

?PR?SELECTOPTIONDISPLAY?MENU                     -----    -----      -----    -----      -----    -----      -----    --
>> ---
  +--> ?PR?_FILLBLOCK?OLED
  +--> ?CO?MENU
  +--> ?PR?_LETTER8_8C?OLED

?PR?_FILLBLOCK?OLED                              -----    -----      0024H    0005H      -----    -----      -----    --
>> ---
  +--> ?PR?_GRAPHICACCEOPTION?OLED
  +--> ?PR?_DRAWRECTANGLE?OLED

?PR?_GRAPHICACCEOPTION?OLED                      -----    -----      -----    -----      -----    -----      -----    --
>> ---
  +--> ?PR?_WRITECOMMAND?OLED
BL51 BANKED LINKER/LOCATER V6.00                                                      01/26/2015  15:29:11  PAGE 14



?PR?_DRAWRECTANGLE?OLED                          -----    -----      0029H    0005H      -----    -----      -----    --
>> ---
  +--> ?PR?_WRITECOMMAND?OLED

?PR?_IDRAMREAD?STC15F2K60S2FUNC                  -----    -----      0024H    0003H      -----    -----      -----    --
>> ---

?PR?AD7793READID?AD7793                          -----    -----      0024H    0001H      -----    -----      -----    --
>> ---
  +--> ?PR?_AD7793REGWRITE?AD7793
  +--> ?PR?_AD7793REGREAD?AD7793

?PR?_AT24C512SEQRANDOMREAD?AT24C512              -----    -----      0024H    0007H      -----    -----      -----    --
>> ---
  +--> ?PR?_IICWRITEBYTE?AT24C512
  +--> ?PR?IICSTART?AT24C512
  +--> ?PR?IICREADBYTEACK?AT24C512
  +--> ?PR?_DELAY1MS?PUBIC
  +--> ?PR?IICREADBYTE?AT24C512
  +--> ?PR?IICSTOP?AT24C512

?PR?_IICWRITEBYTE?AT24C512                       -----    -----      -----    -----      -----    -----      -----    --
>> ---
  +--> ?PR?IICSTART?AT24C512

?PR?MAINMEASURE?MEASURE                          -----    -----      0022H    0003H      -----    -----      -----    --
>> ---
  +--> ?PR?_AD7793SET?AD7793
  +--> ?PR?_DS18B20?DS18B20
  +--> ?CO?MEASURE
  +--> ?PR?AD7793ZEROCALIBRATION?AD7793
  +--> ?PR?_AD7793READDATA?AD7793
  +--> ?PR?AD7793READDATACMD?AD7793
  +--> ?PR?_VOLTTOTEMPER?MEASURE
  +--> ?PR?_RESISTANCETOTEMPER?MEASURE

?PR?_DS18B20?DS18B20                             -----    -----      0025H    000CH      -----    -----      -----    --
>> ---
  +--> ?PR?RESET?DS18B20
  +--> ?PR?_DS18B20WRITEBYTE?DS18B20
  +--> ?PR?DS18B20READBYTE?DS18B20
  +--> ?PR?_CRCCHECK?DS18B20

?PR?_CRCCHECK?DS18B20                            -----    -----      0031H    0003H      -----    -----      -----    --
>> ---
  +--> ?CO?DS18B20

?PR?AD7793ZEROCALIBRATION?AD7793                 -----    -----      -----    -----      -----    -----      -----    --
>> ---
  +--> ?PR?_AD7793REGWRITE?AD7793

?PR?_VOLTTOTEMPER?MEASURE                        -----    -----      0025H    0015H      -----    -----      -----    --
>> ---
  +--> ?CO?MEASURE

?PR?_RESISTANCETOTEMPER?MEASURE                  -----    -----      0025H    0009H      -----    -----      -----    --
BL51 BANKED LINKER/LOCATER V6.00                                                      01/26/2015  15:29:11  PAGE 15


>> ---
  +--> ?CO?MEASURE
  +--> ?PR?SQRT?SQRT

?PR?SQRT?SQRT                                    -----    -----      002EH    0004H      -----    -----      -----    --
>> ---

?PR?ONLINEPROCESS?SYSFUNCTION                    -----    -----      -----    -----      -----    -----      -----    --
>> ---
  +--> ?PR?OLEDDISPLAYOFF?OLED

?PR?MEASUREPROCESS?MEASURE                       -----    -----      -----    -----      -----    -----      -----    --
>> ---
  +--> ?PR?CALCFLUCANDUNIF?MEASURE

?PR?STOREPROCESS?STOREPROCESS                    -----    -----      0022H    0003H      -----    -----      -----    --
>> ---
  +--> ?PR?STOREMEASUREDATA?STOREPROCESS
  +--> ?PR?_GETDS1302DATE?DS1302
  +--> ?PR?_GETDS1302TIME?DS1302
  +--> ?PR?STOREFRAMEHEAD?STOREPROCESS
  +--> ?PR?_CALCTIME?PUBIC

?PR?STOREMEASUREDATA?STOREPROCESS                -----    -----      0025H    0005H      -----    -----      -----    --
>> ---
  +--> ?PR?_AT24C512PAGEWRITE?AT24C512
  +--> ?PR?_DELAY1MS?PUBIC
  +--> ?PR?_WRITEDS1302BYTE?DS1302
  +--> ?PR?_ADDRINCREAM?AT24C512

?PR?_AT24C512PAGEWRITE?AT24C512                  -----    -----      002DH    0006H      -----    -----      -----    --
>> ---
  +--> ?PR?_IICWRITEBYTE?AT24C512
  +--> ?PR?IICSTOP?AT24C512

?PR?STOREFRAMEHEAD?STOREPROCESS                  -----    -----      0025H    0008H      -----    -----      -----    --
>> ---
  +--> ?PR?_READDS1302BYTE?DS1302
  +--> ?PR?_LETTER8_8?OLED
  +--> ?PR?STOREADDRESSFORMAT?STOREPROCESS
  +--> ?PR?_AT24C512PAGEWRITE?AT24C512
  +--> ?PR?_DELAY1MS?PUBIC

?PR?MENUPROCESS?MENU                             -----    -----      -----    -----      -----    -----      -----    --
>> ---
  +--> ?PR?FUNCTIONMENUCHOOSE?MENU
  +--> ?PR?SELECTMENUINIT?MENU
  +--> ?PR?SELECTMENUPROCESS?MENU
  +--> ?PR?SHUTDOWNPROCESS?MENU

?PR?SELECTMENUINIT?MENU                          -----    -----      -----    -----      -----    -----      -----    --
>> ---
  +--> ?CO?MENU
  +--> ?PR?_SELECTMENUDISPLAY?MENU
  +--> ?PR?SELECTOPTIONDISPLAY?MENU

?PR?SELECTMENUPROCESS?MENU                       -----    -----      -----    -----      -----    -----      -----    --
BL51 BANKED LINKER/LOCATER V6.00                                                      01/26/2015  15:29:11  PAGE 16


>> ---
  +--> ?PR?SELECTOPTIONDISPLAY?MENU
  +--> ?PR?_FULLSCREEN?OLED
  +--> ?PR?BATTERYDISPLAY?SYSFUNCTION
  +--> ?PR?FUNCTIONMENUCHOOSE?MENU

?PR?SHUTDOWNPROCESS?MENU                         -----    -----      -----    -----      -----    -----      -----    --
>> ---
  +--> ?PR?_FULLSCREEN?OLED
  +--> ?CO?MENU
  +--> ?PR?_LETTER8_8C?OLED
  +--> ?PR?OLEDDISPLAYOFF?OLED
  +--> ?PR?AD7793ENTERPOWERDOWNMODE?AD7793
  +--> ?PR?WDTCLEAN?STC15F2K60S2FUNC
  +--> ?PR?ENTERSHUTDOWNMODE?SYSFUNCTION
  +--> ?PR?RELOADMENU?MENU

?PR?AD7793ENTERPOWERDOWNMODE?AD7793              -----    -----      -----    -----      -----    -----      -----    --
>> ---
  +--> ?PR?_AD7793REGWRITE?AD7793

?PR?RELOADMENU?MENU                              -----    -----      -----    -----      -----    -----      -----    --
>> ---
  +--> ?PR?_FULLSCREEN?OLED
  +--> ?PR?FUNCTIONMENUCHOOSE?MENU
  +--> ?PR?SELECTMENUINIT?MENU

?C_INITSEG                                       -----    -----      -----    -----      -----    -----      -----    --
>> ---
  +--> ?CO?MENU

*** NEW ROOT ***************************************************

?PR?TIMER1_ROUNTINE?STC15F2KINTPROCESS           -----    -----      -----    -----      -----    -----      -----    --
>> ---
  +--> ?PR?KEYSCAN?KEYBOARD
  +--> ?PR?DITHERLESSKEY?KEYBOARD



SYMBOL TABLE OF MODULE:  .\output\TemperatureMeasure (?C_STARTUP)

  VALUE           TYPE          NAME
  ----------------------------------

  -------         MODULE        ?C_STARTUP
  C:8F2EH         SEGMENT       ?C_C51STARTUP
  I:00DAH         SEGMENT       ?STACK
  C:0000H         PUBLIC        ?C_STARTUP
  D:00E0H         SYMBOL        ACC
  D:00F0H         SYMBOL        B
  D:0083H         SYMBOL        DPH
  D:0082H         SYMBOL        DPL
  N:0000H         SYMBOL        IBPSTACK
  N:0100H         SYMBOL        IBPSTACKTOP
  N:0080H         SYMBOL        IDATALEN
  C:8F31H         SYMBOL        IDATALOOP
BL51 BANKED LINKER/LOCATER V6.00                                                      01/26/2015  15:29:11  PAGE 17


  N:0000H         SYMBOL        PBPSTACK
  N:0100H         SYMBOL        PBPSTACKTOP
  N:0000H         SYMBOL        PDATALEN
  N:0000H         SYMBOL        PDATASTART
  N:0000H         SYMBOL        PPAGE
  N:0000H         SYMBOL        PPAGEENABLE
  D:00A0H         SYMBOL        PPAGE_SFR
  D:0081H         SYMBOL        SP
  C:8F2EH         SYMBOL        STARTUP1
  N:0000H         SYMBOL        XBPSTACK
  N:0000H         SYMBOL        XBPSTACKTOP
  N:0000H         SYMBOL        XDATALEN
  N:0000H         SYMBOL        XDATASTART
  C:0000H         LINE#         126
  C:8F2EH         LINE#         133
  C:8F30H         LINE#         134
  C:8F31H         LINE#         135
  C:8F32H         LINE#         136
  C:8F34H         LINE#         185
  C:8F37H         LINE#         196
  -------         ENDMOD        ?C_STARTUP

  -------         MODULE        KEYBOARD
  C:0000H         SYMBOL        _ICE_DUMMY_
  D:0080H         PUBLIC        P0
  B:00B0H.2       PUBLIC        KEY_MENU
  D:0090H         PUBLIC        P1
  D:00A0H         PUBLIC        P2
  D:00B0H         PUBLIC        P3
  B:0080H.1       PUBLIC        KEY_DOWN
  D:00C0H         PUBLIC        P4
  D:00C8H         PUBLIC        P5
  D:00E8H         PUBLIC        P6
  D:00F8H         PUBLIC        P7
  D:00A8H         PUBLIC        IE
  D:00B8H         PUBLIC        IP
  D:00D8H         PUBLIC        CCON
  C:9B1DH         PUBLIC        KeyScan
  B:00C0H.6       PUBLIC        MCU_INT
  D:0098H         PUBLIC        SCON
  D:0088H         PUBLIC        TCON
  I:00D0H         SYMBOL        KeyInfo
  C:920AH         PUBLIC        DitherlessKey
  B:0080H.3       PUBLIC        KEY_RIGHT
  I:00D4H         PUBLIC        keyValue
  B:0080H.2       PUBLIC        KEY_UP
  D:00D0H         PUBLIC        PSW
  -------         PROC          KEYSCAN
  C:9B1DH         LINE#         52
  C:9B1DH         LINE#         53
  C:9B1DH         LINE#         54
  C:9B1FH         LINE#         55
  C:9B21H         LINE#         56
  C:9B23H         LINE#         57
  C:9B25H         LINE#         58
  C:9B27H         LINE#         60
  C:9B2BH         LINE#         61
BL51 BANKED LINKER/LOCATER V6.00                                                      01/26/2015  15:29:11  PAGE 18


  C:9B2EH         LINE#         62
  C:9B2EH         LINE#         63
  C:9B31H         LINE#         65
  C:9B31H         LINE#         66
  C:9B34H         LINE#         67
  C:9B34H         LINE#         68
  C:9B39H         LINE#         70
  C:9B39H         LINE#         71
  C:9B3CH         LINE#         72
  C:9B3CH         LINE#         73
  C:9B41H         LINE#         75
  C:9B41H         LINE#         76
  C:9B44H         LINE#         77
  C:9B44H         LINE#         78
  C:9B49H         LINE#         80
  C:9B49H         LINE#         81
  C:9B4CH         LINE#         82
  C:9B4CH         LINE#         83
  C:9B50H         LINE#         85
  C:9B50H         LINE#         86
  -------         ENDPROC       KEYSCAN
  -------         PROC          DITHERLESSKEY
  C:920AH         LINE#         94
  C:920AH         LINE#         95
  C:920AH         LINE#         96
  C:921AH         LINE#         97
  C:921AH         LINE#         98
  C:921AH         LINE#         99
  C:921FH         LINE#         100
  C:921FH         LINE#         101
  C:9223H         LINE#         102
  C:9223H         LINE#         103
  C:9225H         LINE#         104
  C:9225H         LINE#         105
  C:922DH         LINE#         106
  C:922DH         LINE#         107
  C:9231H         LINE#         108
  C:9233H         LINE#         109
  C:9235H         LINE#         111
  C:9235H         LINE#         112
  C:9239H         LINE#         113
  C:9239H         LINE#         114
  C:923BH         LINE#         115
  C:923BH         LINE#         116
  C:9243H         LINE#         117
  C:9243H         LINE#         118
  C:9246H         LINE#         119
  C:924CH         LINE#         120
  C:924EH         LINE#         121
  C:9257H         LINE#         122
  C:9257H         LINE#         123
  C:925AH         LINE#         124
  C:925AH         LINE#         125
  C:925CH         LINE#         126
  C:925CH         LINE#         127
  C:9265H         LINE#         128
  C:9265H         LINE#         129
BL51 BANKED LINKER/LOCATER V6.00                                                      01/26/2015  15:29:11  PAGE 19


  C:9268H         LINE#         130
  C:926AH         LINE#         132
  C:926AH         LINE#         133
  C:9270H         LINE#         134
  C:9270H         LINE#         135
  C:9270H         LINE#         136
  C:9270H         LINE#         137
  C:9270H         LINE#         138
  C:9276H         LINE#         139
  -------         ENDPROC       DITHERLESSKEY
  -------         ENDMOD        KEYBOARD

  -------         MODULE        MAIN
  C:0000H         SYMBOL        _ICE_DUMMY_
  B:00C0H.7       PUBLIC        CHA2
  B:0090H.2       PUBLIC        CHA3
  D:0080H         PUBLIC        P0
  D:0090H         PUBLIC        P1
  D:00A0H         PUBLIC        P2
  D:00B0H         PUBLIC        P3
  D:00C0H         PUBLIC        P4
  D:00C8H         PUBLIC        P5
  B:00A8H.7       PUBLIC        EA
  D:00E8H         PUBLIC        P6
  D:00F8H         PUBLIC        P7
  D:00A8H         PUBLIC        IE
  D:00B8H         PUBLIC        IP
  C:9E31H         SYMBOL        SystemInit
  D:00D8H         PUBLIC        CCON
  C:97B6H         PUBLIC        main
  C:7968H         SYMBOL        ChannelSwitch
  D:0098H         PUBLIC        SCON
  D:0088H         PUBLIC        TCON
  B:0088H.4       PUBLIC        TR0
  B:0088H.6       PUBLIC        TR1
  B:00A0H.5       PUBLIC        CH20
  B:0080H.7       PUBLIC        CHSEN
  B:00C0H.2       PUBLIC        CH17
  B:00C0H.1       PUBLIC        CH18
  B:00A0H.4       PUBLIC        CH19
  D:00D0H         PUBLIC        PSW
  B:0090H.0       PUBLIC        CHA0
  B:0090H.1       PUBLIC        CHA1
  -------         PROC          CHANNELSWITCH
  C:7968H         LINE#         68
  C:7968H         LINE#         69
  C:7968H         LINE#         70
  C:79B6H         LINE#         71
  C:79B6H         LINE#         72
  C:79B6H         LINE#         73
  C:79B8H         LINE#         74
  C:79C0H         LINE#         75
  C:79C2H         LINE#         76
  C:79C4H         LINE#         77
  C:79C4H         LINE#         78
  C:79C6H         LINE#         79
  C:79CEH         LINE#         80
BL51 BANKED LINKER/LOCATER V6.00                                                      01/26/2015  15:29:11  PAGE 20


  C:79D2H         LINE#         81
  C:79D4H         LINE#         82
  C:79D4H         LINE#         83
  C:79D6H         LINE#         84
  C:79DEH         LINE#         85
  C:79E2H         LINE#         86
  C:79E4H         LINE#         87
  C:79E4H         LINE#         88
  C:79E6H         LINE#         89
  C:79EEH         LINE#         90
  C:79F6H         LINE#         91
  C:79F7H         LINE#         92
  C:79F7H         LINE#         93
  C:79F9H         LINE#         94
  C:7A01H         LINE#         95
  C:7A03H         LINE#         96
  C:7A05H         LINE#         97
  C:7A05H         LINE#         98
  C:7A07H         LINE#         99
  C:7A0FH         LINE#         100
  C:7A13H         LINE#         101
  C:7A15H         LINE#         102
  C:7A15H         LINE#         103
  C:7A17H         LINE#         104
  C:7A1FH         LINE#         105
  C:7A23H         LINE#         106
  C:7A25H         LINE#         107
  C:7A25H         LINE#         108
  C:7A27H         LINE#         109
  C:7A2FH         LINE#         110
  C:7A37H         LINE#         111
  C:7A38H         LINE#         112
  C:7A38H         LINE#         113
  C:7A3AH         LINE#         114
  C:7A42H         LINE#         115
  C:7A44H         LINE#         116
  C:7A46H         LINE#         117
  C:7A46H         LINE#         118
  C:7A48H         LINE#         119
  C:7A50H         LINE#         120
  C:7A54H         LINE#         121
  C:7A56H         LINE#         122
  C:7A56H         LINE#         123
  C:7A58H         LINE#         124
  C:7A60H         LINE#         125
  C:7A64H         LINE#         126
  C:7A66H         LINE#         127
  C:7A66H         LINE#         128
  C:7A68H         LINE#         129
  C:7A70H         LINE#         130
  C:7A78H         LINE#         131
  C:7A79H         LINE#         132
  C:7A79H         LINE#         133
  C:7A7BH         LINE#         134
  C:7A83H         LINE#         135
  C:7A85H         LINE#         136
  C:7A87H         LINE#         137
BL51 BANKED LINKER/LOCATER V6.00                                                      01/26/2015  15:29:11  PAGE 21


  C:7A87H         LINE#         138
  C:7A89H         LINE#         139
  C:7A91H         LINE#         140
  C:7A95H         LINE#         141
  C:7A97H         LINE#         142
  C:7A97H         LINE#         143
  C:7A99H         LINE#         144
  C:7AA1H         LINE#         145
  C:7AA5H         LINE#         146
  C:7AA7H         LINE#         147
  C:7AA7H         LINE#         148
  C:7AA9H         LINE#         149
  C:7AB1H         LINE#         150
  C:7AB9H         LINE#         151
  C:7ABAH         LINE#         155
  C:7ABAH         LINE#         156
  C:7ABCH         LINE#         157
  C:7AC0H         LINE#         158
  C:7AC2H         LINE#         159
  C:7AC2H         LINE#         160
  C:7AC4H         LINE#         161
  C:7ACCH         LINE#         162
  C:7ACDH         LINE#         163
  C:7ACDH         LINE#         164
  C:7ACFH         LINE#         165
  C:7AD7H         LINE#         166
  C:7AD8H         LINE#         167
  C:7AD8H         LINE#         168
  C:7ADAH         LINE#         169
  C:7AE2H         LINE#         170
  C:7AE2H         LINE#         171
  C:7AE2H         LINE#         172
  -------         ENDPROC       CHANNELSWITCH
  -------         PROC          SYSTEMINIT
  C:9E31H         LINE#         180
  C:9E31H         LINE#         181
  C:9E31H         LINE#         182
  C:9E33H         LINE#         183
  C:9E36H         LINE#         184
  C:9E3DH         LINE#         185
  C:9E40H         LINE#         186
  C:9E43H         LINE#         187
  C:9E46H         LINE#         188
  C:9E49H         LINE#         189
  C:9E4CH         LINE#         190
  C:9E4FH         LINE#         191
  C:9E51H         LINE#         192
  C:9E53H         LINE#         193
  C:9E55H         LINE#         194
  -------         ENDPROC       SYSTEMINIT
  -------         PROC          MAIN
  C:97B6H         LINE#         202
  C:97B6H         LINE#         203
  C:97B6H         LINE#         204
  C:97B9H         LINE#         205
  C:97BCH         LINE#         207
  C:97BCH         LINE#         208
BL51 BANKED LINKER/LOCATER V6.00                                                      01/26/2015  15:29:11  PAGE 22


  C:97BCH         LINE#         209
  C:97BFH         LINE#         210
  C:97C2H         LINE#         211
  C:97C5H         LINE#         212
  C:97C8H         LINE#         213
  C:97CBH         LINE#         215
  C:97CEH         LINE#         216
  C:97D8H         LINE#         217
  C:97D8H         LINE#         218
  C:97D8H         LINE#         219
  C:97D8H         LINE#         220
  C:97D8H         LINE#         221
  C:97D8H         LINE#         222
  C:97DAH         LINE#         223
  C:97DAH         LINE#         224
  C:97DDH         LINE#         225
  C:97DFH         LINE#         226
  C:97DFH         LINE#         227
  C:97E2H         LINE#         228
  C:97E5H         LINE#         229
  C:97E8H         LINE#         230
  C:97E8H         LINE#         231
  C:97E8H         LINE#         233
  C:97EEH         LINE#         234
  C:97EEH         LINE#         235
  C:97F0H         LINE#         236
  C:97FAH         LINE#         237
  C:97FDH         LINE#         238
  C:97FDH         LINE#         239
  -------         ENDPROC       MAIN
  -------         ENDMOD        MAIN

  -------         MODULE        MEASURE
  C:0000H         SYMBOL        _ICE_DUMMY_
  I:0047H         PUBLIC        measureStatus
  D:0080H         PUBLIC        P0
  I:0048H         PUBLIC        coeffTcB
  D:0090H         PUBLIC        P1
  D:00A0H         PUBLIC        P2
  D:00B0H         PUBLIC        P3
  I:004CH         PUBLIC        coeffRhB
  D:00C0H         PUBLIC        P4
  D:00C8H         PUBLIC        P5
  D:00E8H         PUBLIC        P6
  D:00F8H         PUBLIC        P7
  I:0050H         PUBLIC        coeffTcK
  I:0054H         PUBLIC        coeffRhK
  I:0058H         PUBLIC        bUseFlag
  D:00A8H         PUBLIC        IE
  D:0011H         SYMBOL        measureTemp
  I:0059H         PUBLIC        sourceFlag
  D:00B8H         PUBLIC        IP
  C:2295H         PUBLIC        T_Coeff
  I:005AH         SYMBOL        uniformityRHValueMin
  I:005EH         SYMBOL        uniformityRHValueMax
  D:00D8H         PUBLIC        CCON
  C:6169H         SYMBOL        CalcFlucAndUnif
BL51 BANKED LINKER/LOCATER V6.00                                                      01/26/2015  15:29:11  PAGE 23


  C:75A4H         SYMBOL        _ResistanceToTemper
  X:0000H         SYMBOL        uniformityRHSum
  D:0015H         SYMBOL        cjcValue
  I:0062H         PUBLIC        uniformityTValue
  I:0066H         PUBLIC        sourceBuf
  D:0098H         PUBLIC        SCON
  D:0088H         PUBLIC        TCON
  C:2C37H         PUBLIC        Rpt
  X:0004H         PUBLIC        fluctuationValue
  I:0069H         PUBLIC        cjcMode
  C:7AE3H         PUBLIC        MeasureProcess
  C:51B2H         SYMBOL        _VoltToTemper
  I:006AH         PUBLIC        fluctuationStatus
  X:0054H         PUBLIC        coeffChanB
  X:00A4H         PUBLIC        coeffChanK
  C:22CDH         PUBLIC        Tb_e2t1
  I:006BH         PUBLIC        cjcUserValue
  C:242FH         PUBLIC        Te_e2t1
  C:2467H         PUBLIC        Te_e2t2
  I:006FH         SYMBOL        uniformityTValueMin
  C:2513H         PUBLIC        Te_e2t3
  I:0073H         SYMBOL        uniformityTValueMax
  C:2533H         PUBLIC        Tj_e2t1
  X:00F4H         SYMBOL        fluctuationValueMin
  C:2651H         PUBLIC        Tk_e2t1
  C:255FH         PUBLIC        Tj_e2t2
  C:2689H         PUBLIC        Tk_e2t2
  C:2643H         PUBLIC        Tj_e2t3
  C:35BBH         PUBLIC        MainMeasure
  X:0144H         SYMBOL        fluctuationValueMax
  C:2799H         PUBLIC        Tn_e2t1
  I:0077H         PUBLIC        bCalcStatus
  C:27D1H         PUBLIC        Tn_e2t2
  X:0194H         PUBLIC        bValue
  X:01D4H         SYMBOL        uniformityTimes
  C:28D5H         PUBLIC        Tr_e2t1
  C:2A3FH         PUBLIC        Ts_e2t1
  C:28E1H         PUBLIC        Tr_e2t2
  C:2BA9H         PUBLIC        Tt_e2t1
  C:2A4BH         PUBLIC        Ts_e2t2
  C:2BE1H         PUBLIC        Tt_e2t2
  X:01D6H         SYMBOL        uniformityTSum
  I:0078H         PUBLIC        coeffUserB
  C:2C2FH         PUBLIC        R_A
  C:2C33H         PUBLIC        R_B
  I:007CH         PUBLIC        coeffUserK
  I:0080H         PUBLIC        coeffRtdB
  I:0084H         PUBLIC        uniformityRHValue
  X:01DAH         PUBLIC        measureResult
  D:00D0H         PUBLIC        PSW
  I:0088H         PUBLIC        coeffRtdK
  -------         PROC          _VOLTTOTEMPER
  D:0007H         SYMBOL        type
  D:0026H         SYMBOL        volt
  -------         DO            
  D:002AH         SYMBOL        negativeFlag
  D:002BH         SYMBOL        start
BL51 BANKED LINKER/LOCATER V6.00                                                      01/26/2015  15:29:11  PAGE 24


  D:002DH         SYMBOL        end
  D:002FH         SYMBOL        mid
  D:0031H         SYMBOL        temperature
  D:0035H         SYMBOL        temperOffset
  D:0037H         SYMBOL        p
  -------         ENDDO         
  C:51B2H         LINE#         335
  C:51B2H         LINE#         336
  C:51B2H         LINE#         337
  C:51B5H         LINE#         340
  C:51B9H         LINE#         342
  C:51BDH         LINE#         343
  C:51EEH         LINE#         344
  C:51EEH         LINE#         345
  C:51EEH         LINE#         346
  C:5218H         LINE#         347
  C:5218H         LINE#         348
  C:5218H         LINE#         349
  C:521BH         LINE#         351
  C:521BH         LINE#         352
  C:5224H         LINE#         353
  C:522AH         LINE#         354
  C:5230H         LINE#         355
  C:5230H         LINE#         356
  C:5233H         LINE#         357
  C:5233H         LINE#         358
  C:525FH         LINE#         359
  C:525FH         LINE#         360
  C:525FH         LINE#         361
  C:5262H         LINE#         362
  C:5274H         LINE#         363
  C:5274H         LINE#         364
  C:5287H         LINE#         365
  C:5290H         LINE#         366
  C:5290H         LINE#         367
  C:5293H         LINE#         369
  C:52A8H         LINE#         370
  C:52A8H         LINE#         371
  C:52B7H         LINE#         372
  C:52BAH         LINE#         374
  C:52BAH         LINE#         375
  C:52D5H         LINE#         376
  C:52EAH         LINE#         377
  C:52EAH         LINE#         378
  C:52EAH         LINE#         379
  C:52EDH         LINE#         380
  C:52EDH         LINE#         381
  C:5319H         LINE#         382
  C:5319H         LINE#         383
  C:5319H         LINE#         384
  C:531CH         LINE#         385
  C:532EH         LINE#         386
  C:532EH         LINE#         387
  C:5341H         LINE#         388
  C:5350H         LINE#         389
  C:5350H         LINE#         390
  C:5353H         LINE#         392
BL51 BANKED LINKER/LOCATER V6.00                                                      01/26/2015  15:29:11  PAGE 25


  C:5353H         LINE#         393
  C:5368H         LINE#         394
  C:5368H         LINE#         395
  C:5377H         LINE#         396
  C:537AH         LINE#         398
  C:537AH         LINE#         399
  C:5395H         LINE#         400
  C:53AAH         LINE#         401
  C:53AAH         LINE#         402
  C:53AAH         LINE#         403
  C:53ADH         LINE#         404
  C:53ADH         LINE#         405
  C:53D9H         LINE#         406
  C:53D9H         LINE#         407
  C:53D9H         LINE#         408
  C:53DCH         LINE#         409
  C:53EEH         LINE#         410
  C:53EEH         LINE#         411
  C:5401H         LINE#         412
  C:5410H         LINE#         413
  C:5410H         LINE#         414
  C:5413H         LINE#         416
  C:5413H         LINE#         417
  C:5422H         LINE#         418
  C:5422H         LINE#         419
  C:5425H         LINE#         420
  C:5425H         LINE#         421
  C:5451H         LINE#         422
  C:5451H         LINE#         423
  C:5451H         LINE#         424
  C:5454H         LINE#         425
  C:5466H         LINE#         426
  C:5466H         LINE#         427
  C:5479H         LINE#         428
  C:548CH         LINE#         429
  C:548CH         LINE#         430
  C:548FH         LINE#         432
  C:548FH         LINE#         433
  C:54A2H         LINE#         434
  C:54A2H         LINE#         435
  C:54A5H         LINE#         436
  C:54A5H         LINE#         437
  C:54D0H         LINE#         438
  C:54D0H         LINE#         439
  C:54D0H         LINE#         440
  C:54D3H         LINE#         441
  C:54E5H         LINE#         442
  C:54E5H         LINE#         443
  C:54F8H         LINE#         444
  C:5507H         LINE#         445
  C:5507H         LINE#         446
  C:550AH         LINE#         448
  C:550AH         LINE#         449
  C:5513H         LINE#         450
  C:5513H         LINE#         451
  C:5515H         LINE#         452
  C:5515H         LINE#         453
BL51 BANKED LINKER/LOCATER V6.00                                                      01/26/2015  15:29:11  PAGE 26


  C:5540H         LINE#         454
  C:5540H         LINE#         455
  C:5540H         LINE#         456
  C:5542H         LINE#         457
  C:5554H         LINE#         458
  C:5554H         LINE#         459
  C:5567H         LINE#         460
  C:5576H         LINE#         461
  C:5576H         LINE#         462
  C:5578H         LINE#         464
  C:5578H         LINE#         465
  C:5587H         LINE#         466
  C:5587H         LINE#         467
  C:5589H         LINE#         468
  C:5589H         LINE#         469
  C:55B5H         LINE#         470
  C:55B5H         LINE#         471
  C:55BBH         LINE#         472
  C:55BDH         LINE#         473
  C:55CFH         LINE#         474
  C:55CFH         LINE#         475
  C:55E2H         LINE#         476
  C:55F1H         LINE#         477
  C:55F4H         LINE#         478
  C:55F6H         LINE#         480
  C:55F6H         LINE#         481
  C:5605H         LINE#         482
  C:5605H         LINE#         483
  C:5605H         LINE#         484
  C:5605H         LINE#         485
  C:5605H         LINE#         487
  C:560CH         LINE#         488
  C:560CH         LINE#         489
  C:5618H         LINE#         490
  C:561BH         LINE#         492
  C:561BH         LINE#         493
  C:562CH         LINE#         494
  C:562CH         LINE#         495
  C:563DH         LINE#         496
  C:5666H         LINE#         497
  C:5666H         LINE#         498
  C:566CH         LINE#         499
  C:566EH         LINE#         501
  C:566EH         LINE#         502
  C:5674H         LINE#         503
  C:5674H         LINE#         504
  C:5676H         LINE#         505
  C:573DH         LINE#         507
  C:5742H         LINE#         508
  C:5742H         LINE#         509
  C:574DH         LINE#         510
  C:574DH         LINE#         511
  C:574DH         LINE#         512
  C:5755H         LINE#         513
  -------         ENDPROC       _VOLTTOTEMPER
  -------         PROC          CALCFLUCANDUNIF
  C:6169H         LINE#         521
BL51 BANKED LINKER/LOCATER V6.00                                                      01/26/2015  15:29:11  PAGE 27


  C:6169H         LINE#         522
  C:6169H         LINE#         523
  C:6180H         LINE#         524
  C:6180H         LINE#         525
  C:6180H         LINE#         526
  C:6189H         LINE#         527
  C:6189H         LINE#         528
  C:6193H         LINE#         529
  C:619DH         LINE#         530
  C:61A5H         LINE#         532
  C:61AAH         LINE#         533
  C:61AAH         LINE#         534
  C:61B4H         LINE#         535
  C:61D3H         LINE#         536
  C:61F2H         LINE#         537
  C:61F2H         LINE#         539
  C:61F6H         LINE#         540
  C:61F6H         LINE#         541
  C:61F9H         LINE#         542
  C:61F9H         LINE#         543
  C:6203H         LINE#         544
  C:6203H         LINE#         545
  C:621BH         LINE#         546
  C:6248H         LINE#         547
  C:6272H         LINE#         548
  C:6272H         LINE#         550
  C:627AH         LINE#         551
  C:627AH         LINE#         552
  C:627EH         LINE#         553
  C:627EH         LINE#         554
  C:6281H         LINE#         555
  C:6281H         LINE#         556
  C:628EH         LINE#         557
  C:628EH         LINE#         558
  C:62C7H         LINE#         559
  C:62C7H         LINE#         560
  C:62EFH         LINE#         561
  C:62F1H         LINE#         562
  C:632BH         LINE#         563
  C:632BH         LINE#         564
  C:6358H         LINE#         565
  C:6358H         LINE#         566
  C:63B1H         LINE#         567
  C:63B1H         LINE#         568
  C:63B1H         LINE#         569
  C:63B1H         LINE#         570
  C:63B1H         LINE#         573
  C:63B7H         LINE#         574
  C:63B7H         LINE#         575
  C:63C0H         LINE#         576
  C:63C9H         LINE#         578
  C:63D2H         LINE#         579
  C:63DBH         LINE#         580
  C:63DBH         LINE#         582
  C:63E5H         LINE#         583
  C:63E5H         LINE#         584
  C:63F1H         LINE#         585
BL51 BANKED LINKER/LOCATER V6.00                                                      01/26/2015  15:29:11  PAGE 28


  C:63F1H         LINE#         586
  C:6416H         LINE#         587
  C:6416H         LINE#         588
  C:6436H         LINE#         589
  C:6436H         LINE#         591
  C:645EH         LINE#         592
  C:645EH         LINE#         593
  C:647BH         LINE#         594
  C:647BH         LINE#         595
  C:647EH         LINE#         597
  C:647EH         LINE#         598
  C:64A5H         LINE#         599
  C:64A5H         LINE#         600
  C:64C5H         LINE#         601
  C:64C5H         LINE#         603
  C:64EAH         LINE#         604
  C:64EAH         LINE#         605
  C:650AH         LINE#         606
  C:650AH         LINE#         607
  C:650AH         LINE#         608
  C:650AH         LINE#         610
  C:6510H         LINE#         611
  C:6510H         LINE#         612
  C:6538H         LINE#         613
  C:6562H         LINE#         614
  C:6562H         LINE#         615
  C:6568H         LINE#         616
  C:6568H         LINE#         617
  C:6590H         LINE#         618
  C:65BAH         LINE#         619
  C:65C8H         LINE#         620
  C:65C8H         LINE#         621
  -------         ENDPROC       CALCFLUCANDUNIF
  -------         PROC          _RESISTANCETOTEMPER
  D:0025H         SYMBOL        resistance
  -------         DO            
  D:0029H         SYMBOL        i
  D:002AH         SYMBOL        temperature
  -------         ENDDO         
  C:75A4H         LINE#         632
  C:75ACH         LINE#         633
  C:75ACH         LINE#         634
  C:75AFH         LINE#         636
  C:75DBH         LINE#         637
  C:75DBH         LINE#         638
  C:75E7H         LINE#         639
  C:75EAH         LINE#         641
  C:75EAH         LINE#         642
  C:7601H         LINE#         643
  C:7601H         LINE#         644
  C:768AH         LINE#         645
  C:768DH         LINE#         647
  C:768DH         LINE#         648
  C:76D6H         LINE#         649
  C:76D6H         LINE#         650
  C:76D8H         LINE#         651
  C:76DAH         LINE#         652
BL51 BANKED LINKER/LOCATER V6.00                                                      01/26/2015  15:29:11  PAGE 29


  C:77A6H         LINE#         653
  C:77A6H         LINE#         654
  C:77A6H         LINE#         655
  C:77AEH         LINE#         656
  -------         ENDPROC       _RESISTANCETOTEMPER
  -------         PROC          MAINMEASURE
  -------         DO            
  D:0022H         SYMBOL        p_ADCData
  -------         ENDDO         
  C:35BBH         LINE#         665
  C:35BBH         LINE#         666
  C:35BBH         LINE#         668
  C:35E8H         LINE#         669
  C:35E8H         LINE#         670
  C:35E8H         LINE#         671
  C:35F2H         LINE#         672
  C:35F2H         LINE#         673
  C:35F6H         LINE#         674
  C:360BH         LINE#         675
  C:360CH         LINE#         677
  C:360CH         LINE#         678
  C:3614H         LINE#         679
  C:3614H         LINE#         680
  C:3622H         LINE#         681
  C:3622H         LINE#         682
  C:3627H         LINE#         683
  C:362BH         LINE#         684
  C:362BH         LINE#         685
  C:362BH         LINE#         686
  C:362EH         LINE#         693
  C:362EH         LINE#         694
  C:363FH         LINE#         696
  C:363FH         LINE#         697
  C:364DH         LINE#         698
  C:364DH         LINE#         699
  C:3652H         LINE#         700
  C:3656H         LINE#         701
  C:3656H         LINE#         702
  C:3656H         LINE#         703
  C:3659H         LINE#         705
  C:3659H         LINE#         706
  C:3659H         LINE#         707
  C:3659H         LINE#         708
  C:365CH         LINE#         710
  C:365CH         LINE#         711
  C:3674H         LINE#         713
  C:3674H         LINE#         714
  C:368AH         LINE#         715
  C:368AH         LINE#         716
  C:368AH         LINE#         718
  C:368AH         LINE#         719
  C:3693H         LINE#         720
  C:3693H         LINE#         721
  C:369EH         LINE#         722
  C:36B0H         LINE#         724
  C:36B8H         LINE#         725
  C:36B8H         LINE#         726
BL51 BANKED LINKER/LOCATER V6.00                                                      01/26/2015  15:29:11  PAGE 30


  C:36BCH         LINE#         727
  C:36BCH         LINE#         728
  C:36C2H         LINE#         729
  C:36C4H         LINE#         731
  C:36C4H         LINE#         732
  C:36CBH         LINE#         733
  C:36D1H         LINE#         734
  C:36D1H         LINE#         735
  C:36EEH         LINE#         736
  C:36F0H         LINE#         738
  C:36F0H         LINE#         739
  C:3712H         LINE#         740
  C:3712H         LINE#         752
  C:3766H         LINE#         753
  C:3768H         LINE#         754
  C:3768H         LINE#         755
  C:37C9H         LINE#         756
  C:37CBH         LINE#         757
  C:37CBH         LINE#         758
  C:37CBH         LINE#         759
  C:37CDH         LINE#         760
  C:37CDH         LINE#         761
  C:37CDH         LINE#         762
  C:37D7H         LINE#         763
  C:37D7H         LINE#         764
  C:37E0H         LINE#         765
  C:37E0H         LINE#         767
  C:37EEH         LINE#         768
  C:37EEH         LINE#         769
  C:37F3H         LINE#         770
  C:37F7H         LINE#         771
  C:37FBH         LINE#         772
  C:37FEH         LINE#         773
  C:37FEH         LINE#         775
  C:37FEH         LINE#         776
  C:37FEH         LINE#         777
  C:37FEH         LINE#         778
  C:37FEH         LINE#         779
  C:37FEH         LINE#         780
  C:37FEH         LINE#         781
  C:3800H         LINE#         782
  C:3800H         LINE#         783
  C:3811H         LINE#         784
  C:3811H         LINE#         785
  C:3814H         LINE#         786
  C:3818H         LINE#         789
  C:3818H         LINE#         790
  C:3819H         LINE#         798
  C:3819H         LINE#         799
  C:381DH         LINE#         800
  C:381DH         LINE#         801
  C:3820H         LINE#         802
  C:3820H         LINE#         803
  C:3831H         LINE#         804
  C:3831H         LINE#         805
  C:3835H         LINE#         806
  C:3835H         LINE#         807
BL51 BANKED LINKER/LOCATER V6.00                                                      01/26/2015  15:29:11  PAGE 31


  C:3835H         LINE#         808
  C:3838H         LINE#         809
  C:3838H         LINE#         810
  C:3849H         LINE#         811
  C:3849H         LINE#         812
  C:384DH         LINE#         813
  C:384DH         LINE#         814
  C:384DH         LINE#         815
  C:3850H         LINE#         816
  C:3850H         LINE#         817
  C:3861H         LINE#         818
  C:3861H         LINE#         819
  C:3865H         LINE#         820
  C:389EH         LINE#         821
  C:389EH         LINE#         822
  C:389EH         LINE#         823
  C:38A0H         LINE#         824
  C:38A0H         LINE#         825
  C:38B1H         LINE#         826
  C:38B1H         LINE#         827
  C:38B5H         LINE#         828
  C:390BH         LINE#         829
  C:390EH         LINE#         830
  C:390EH         LINE#         831
  C:390EH         LINE#         832
  C:390EH         LINE#         833
  C:391FH         LINE#         834
  C:391FH         LINE#         835
  C:3975H         LINE#         836
  C:3983H         LINE#         837
  C:3983H         LINE#         838
  C:399AH         LINE#         839
  C:39BAH         LINE#         840
  C:39DAH         LINE#         841
  C:39DAH         LINE#         843
  C:39E4H         LINE#         844
  C:39E4H         LINE#         845
  C:39F9H         LINE#         846
  C:39F9H         LINE#         847
  C:39F9H         LINE#         848
  C:39FCH         LINE#         850
  C:39FCH         LINE#         851
  C:3A13H         LINE#         852
  C:3A13H         LINE#         853
  C:3A13H         LINE#         854
  C:3A4CH         LINE#         855
  C:3A9CH         LINE#         856
  C:3A9CH         LINE#         857
  C:3AB3H         LINE#         858
  C:3AB3H         LINE#         859
  C:3ABFH         LINE#         860
  C:3ABFH         LINE#         861
  C:3AEEH         LINE#         862
  C:3B1AH         LINE#         863
  C:3B1DH         LINE#         865
  C:3B1DH         LINE#         866
  C:3B4AH         LINE#         867
BL51 BANKED LINKER/LOCATER V6.00                                                      01/26/2015  15:29:11  PAGE 32


  C:3B4AH         LINE#         868
  C:3B4DH         LINE#         869
  C:3B4DH         LINE#         870
  C:3B7DH         LINE#         871
  C:3BCAH         LINE#         872
  C:3BCAH         LINE#         873
  C:3BE1H         LINE#         874
  C:3BE1H         LINE#         875
  C:3BF0H         LINE#         876
  C:3BF0H         LINE#         877
  C:3C1FH         LINE#         878
  C:3C1FH         LINE#         879
  C:3C22H         LINE#         880
  C:3C22H         LINE#         881
  C:3C52H         LINE#         882
  C:3C9EH         LINE#         883
  C:3C9EH         LINE#         884
  C:3CB5H         LINE#         885
  C:3CB5H         LINE#         886
  C:3CB5H         LINE#         887
  C:3CB5H         LINE#         888
  C:3CB5H         LINE#         889
  C:3CB5H         LINE#         891
  C:3CC0H         LINE#         892
  C:3CC0H         LINE#         893
  C:3CFCH         LINE#         894
  C:3CFCH         LINE#         896
  C:3D24H         LINE#         897
  C:3D24H         LINE#         898
  C:3D8DH         LINE#         899
  C:3D8DH         LINE#         900
  C:3D8DH         LINE#         901
  C:3D91H         LINE#         902
  C:3D91H         LINE#         903
  C:3D91H         LINE#         904
  C:3D91H         LINE#         905
  C:3D91H         LINE#         906
  -------         ENDPROC       MAINMEASURE
  -------         PROC          MEASUREPROCESS
  C:7AE3H         LINE#         914
  C:7AE3H         LINE#         915
  C:7AE3H         LINE#         916
  C:7AEDH         LINE#         917
  C:7AEDH         LINE#         918
  C:7AF0H         LINE#         919
  C:7AF0H         LINE#         921
  C:7AF0H         LINE#         923
  C:7AF0H         LINE#         925
  C:7B5AH         LINE#         927
  C:7B5AH         LINE#         928
  C:7B5FH         LINE#         929
  C:7B5FH         LINE#         930
  C:7B73H         LINE#         931
  C:7B73H         LINE#         932
  C:7BB0H         LINE#         933
  C:7BB0H         LINE#         934
  C:7BB3H         LINE#         936
BL51 BANKED LINKER/LOCATER V6.00                                                      01/26/2015  15:29:11  PAGE 33


  C:7BB3H         LINE#         937
  C:7BC0H         LINE#         938
  C:7BC0H         LINE#         939
  C:7BC0H         LINE#         940
  C:7BC9H         LINE#         941
  C:7BC9H         LINE#         942
  C:7BD0H         LINE#         943
  C:7BD0H         LINE#         944
  C:7BF1H         LINE#         945
  C:7BF5H         LINE#         946
  C:7BF6H         LINE#         948
  C:7BF6H         LINE#         949
  C:7BF6H         LINE#         950
  C:7BF6H         LINE#         951
  C:7BF6H         LINE#         952
  C:7BF8H         LINE#         953
  C:7BF8H         LINE#         954
  C:7C0DH         LINE#         956
  C:7C0DH         LINE#         957
  C:7C4CH         LINE#         958
  C:7C4CH         LINE#         959
  C:7C54H         LINE#         960
  C:7C54H         LINE#         961
  C:7C58H         LINE#         962
  C:7C58H         LINE#         963
[...]


  C:9890H         LINE#         725
  C:989AH         LINE#         726
  C:989AH         LINE#         727
  C:98A6H         LINE#         728
  C:98A6H         LINE#         729
  C:98ADH         LINE#         730
  C:98ADH         LINE#         731
  C:98B3H         LINE#         732
  C:98B6H         LINE#         733
  C:98B6H         LINE#         735
  C:98C4H         LINE#         736
  C:98CAH         LINE#         737
  C:98D5H         LINE#         738
  C:98D7H         LINE#         739
  -------         ENDPROC       _LETTER8_8C
  -------         PROC          OLEDMAP
  -------         DO            
  D:0002H         SYMBOL        i
  D:0003H         SYMBOL        j
  -------         ENDDO         
  C:9AAEH         LINE#         747
  C:9AAEH         LINE#         748
  C:9AAEH         LINE#         750
  C:9AAEH         LINE#         751
  C:9AAEH         LINE#         752
  C:9AAEH         LINE#         753
  C:9AB1H         LINE#         754
  C:9AB6H         LINE#         755
  C:9ABBH         LINE#         756
  C:9ABDH         LINE#         757
  C:9ABDH         LINE#         758
  C:9ABFH         LINE#         759
  C:9ABFH         LINE#         760
  C:9ADEH         LINE#         761
  C:9AE2H         LINE#         762
  C:9AE6H         LINE#         763
  -------         ENDPROC       OLEDMAP
  -------         PROC          _DRAWRECTANGLE
  D:0004H         SYMBOL        col_start
  D:0005H         SYMBOL        col_end
  D:0003H         SYMBOL        row_start
  D:002CH         SYMBOL        row_end
  D:002DH         SYMBOL        gray_scale
  C:9FA9H         LINE#         771
  C:9FABH         LINE#         772
  C:9FABH         LINE#         773
  C:9FB0H         LINE#         774
  C:9FB5H         LINE#         775
  C:9FBAH         LINE#         776
  C:9FBFH         LINE#         777
  C:9FC4H         LINE#         778
  -------         ENDPROC       _DRAWRECTANGLE
  -------         PROC          _FILLBLOCK
  D:0004H         SYMBOL        col_start
  D:0002H         SYMBOL        col_end
  D:0003H         SYMBOL        row_start
  D:0027H         SYMBOL        row_end
BL51 BANKED LINKER/LOCATER V6.00                                                      01/26/2015  15:29:11  PAGE 129


  D:0028H         SYMBOL        gray_scale
  C:A183H         LINE#         790
  C:A187H         LINE#         791
  C:A187H         LINE#         792
  C:A18CH         LINE#         795
  -------         ENDPROC       _FILLBLOCK
  -------         ENDMOD        OLED

  -------         MODULE        STC15F2K60S2FUNC
  C:0000H         SYMBOL        _ICE_DUMMY_
  D:0092H         PUBLIC        P1M0
  D:0093H         PUBLIC        P0M1
  D:0096H         PUBLIC        P2M0
  D:0091H         PUBLIC        P1M1
  D:0080H         PUBLIC        P0
  D:00B2H         PUBLIC        P3M0
  D:0095H         PUBLIC        P2M1
  D:0090H         PUBLIC        P1
  D:00B1H         PUBLIC        P3M1
  D:00A0H         PUBLIC        P2
  D:00CAH         PUBLIC        P5M0
  D:00B0H         PUBLIC        P3
  C:96D3H         PUBLIC        _Stc15l2k60s2IapProgram
  D:00C9H         PUBLIC        P5M1
  D:00C0H         PUBLIC        P4
  D:00C8H         PUBLIC        P5
  B:00A8H.7       PUBLIC        EA
  D:00E8H         PUBLIC        P6
  D:00F8H         PUBLIC        P7
  C:9E0BH         PUBLIC        _UartSend
  C:9E7AH         PUBLIC        _IDRamRead
  D:00A8H         PUBLIC        IE
  D:00C5H         PUBLIC        IAP_CMD
  C:A291H         PUBLIC        Mcu_ID
  D:00B8H         PUBLIC        IP
  C:A199H         SYMBOL        _Stc15l2k60s2IapProgramByte
  C:A250H         SYMBOL        IapIdle
  C:9B84H         PUBLIC        _IDRomRead
  B:0098H.1       PUBLIC        TI
  D:00C3H         PUBLIC        IAP_ADDRH
  D:00D8H         PUBLIC        CCON
  D:00C4H         PUBLIC        IAP_ADDRL
  C:9686H         PUBLIC        _Stc15l2k60s2IapRead
  D:0099H         PUBLIC        SBUF
  D:0087H         PUBLIC        PCON
  D:0098H         PUBLIC        SCON
  D:0088H         PUBLIC        TCON
  C:A2A7H         PUBLIC        WDTEnable
  C:A0C7H         SYMBOL        _Stc15l2k60s2IapReadByte
  C:9E9DH         PUBLIC        CheckStcMcuID
  D:00C7H         PUBLIC        IAP_CONTR
  C:A2ABH         PUBLIC        WDTClean
  D:00C2H         PUBLIC        IAP_DATA
  C:9CCDH         PUBLIC        Stc15l2k60s2EnterPowerDown
  D:00C1H         PUBLIC        WDT_CONTR
  C:A1D9H         PUBLIC        _IapEraseSector
  D:00C6H         PUBLIC        IAP_TRIG
BL51 BANKED LINKER/LOCATER V6.00                                                      01/26/2015  15:29:11  PAGE 130


  D:00D0H         PUBLIC        PSW
  D:0094H         PUBLIC        P0M0
  -------         PROC          _IDRAMREAD
  D:0024H         SYMBOL        id
  -------         DO            
  D:0006H         SYMBOL        i
  D:0007H         SYMBOL        iptr
  -------         ENDDO         
  C:9E7AH         LINE#         73
  C:9E80H         LINE#         74
  C:9E80H         LINE#         77
  C:9E82H         LINE#         78
  C:9E84H         LINE#         79
  C:9E84H         LINE#         80
  C:9E98H         LINE#         81
  C:9E9CH         LINE#         82
  -------         ENDPROC       _IDRAMREAD
  -------         PROC          _IDROMREAD
  D:002CH         SYMBOL        id
  -------         DO            
  D:0007H         SYMBOL        i
  D:002FH         SYMBOL        cptr
  -------         ENDDO         
  C:9B84H         LINE#         90
  C:9B8AH         LINE#         91
  C:9B8AH         LINE#         94
  C:9B90H         LINE#         95
  C:9B92H         LINE#         96
  C:9B92H         LINE#         97
  C:9BB1H         LINE#         98
  C:9BB5H         LINE#         99
  -------         ENDPROC       _IDROMREAD
  -------         PROC          CHECKSTCMCUID
  -------         DO            
  D:0007H         SYMBOL        i
  D:0025H         SYMBOL        temp
  -------         ENDDO         
  C:9E9DH         LINE#         107
  C:9E9DH         LINE#         108
  C:9E9DH         LINE#         111
  C:9EA6H         LINE#         112
  C:9EA8H         LINE#         113
  C:9EA8H         LINE#         114
  C:9EB6H         LINE#         115
  C:9EB6H         LINE#         116
  C:9EB9H         LINE#         117
  C:9EB9H         LINE#         118
  C:9EBDH         LINE#         119
  C:9EBFH         LINE#         120
  -------         ENDPROC       CHECKSTCMCUID
  -------         PROC          IAPIDLE
  C:A250H         LINE#         131
  C:A250H         LINE#         132
  C:A250H         LINE#         133
  C:A253H         LINE#         134
  C:A255H         LINE#         135
  C:A257H         LINE#         137
BL51 BANKED LINKER/LOCATER V6.00                                                      01/26/2015  15:29:11  PAGE 131


  C:A25AH         LINE#         138
  C:A25CH         LINE#         139
  -------         ENDPROC       IAPIDLE
  -------         PROC          _IAPERASESECTOR
  D:0007H         SYMBOL        addh
  D:0005H         SYMBOL        addl
  C:A1D9H         LINE#         147
  C:A1D9H         LINE#         148
  C:A1D9H         LINE#         149
  C:A1DCH         LINE#         150
  C:A1DFH         LINE#         151
  C:A1E1H         LINE#         152
  C:A1E3H         LINE#         153
  C:A1E6H         LINE#         154
  C:A1E9H         LINE#         155
  C:A1EAH         LINE#         156
  -------         ENDPROC       _IAPERASESECTOR
  -------         PROC          _STC15L2K60S2IAPREADBYTE
  D:0007H         SYMBOL        addh
  D:0005H         SYMBOL        addl
  -------         DO            
  D:0007H         SYMBOL        dat
  -------         ENDDO         
  C:A0C7H         LINE#         165
  C:A0C7H         LINE#         166
  C:A0C7H         LINE#         169
  C:A0CAH         LINE#         170
  C:A0CDH         LINE#         171
  C:A0CFH         LINE#         172
  C:A0D1H         LINE#         173
  C:A0D4H         LINE#         174
  C:A0D7H         LINE#         175
  C:A0D8H         LINE#         176
  C:A0D9H         LINE#         177
  C:A0DAH         LINE#         178
  C:A0DCH         LINE#         179
  C:A0DFH         LINE#         180
  C:A0DFH         LINE#         181
  -------         ENDPROC       _STC15L2K60S2IAPREADBYTE
  -------         PROC          _STC15L2K60S2IAPPROGRAMBYTE
  D:0007H         SYMBOL        addh
  D:0005H         SYMBOL        addl
  D:0003H         SYMBOL        dat
  C:A199H         LINE#         189
  C:A199H         LINE#         190
  C:A199H         LINE#         191
  C:A19CH         LINE#         192
  C:A19FH         LINE#         193
  C:A1A1H         LINE#         194
  C:A1A3H         LINE#         195
  C:A1A5H         LINE#         196
  C:A1A8H         LINE#         197
  C:A1ABH         LINE#         198
  C:A1ACH         LINE#         199
  -------         ENDPROC       _STC15L2K60S2IAPPROGRAMBYTE
  -------         PROC          _STC15L2K60S2IAPREAD
  D:002AH         SYMBOL        addh
BL51 BANKED LINKER/LOCATER V6.00                                                      01/26/2015  15:29:11  PAGE 132


  D:0006H         SYMBOL        addl
  D:002CH         SYMBOL        buf
  D:002FH         SYMBOL        len
  -------         DO            
  D:0031H         SYMBOL        i
  -------         ENDDO         
  C:9686H         LINE#         212
  C:9690H         LINE#         213
  C:9690H         LINE#         215
  C:9697H         LINE#         216
  C:9697H         LINE#         218
  C:9697H         LINE#         220
  C:9697H         LINE#         221
  C:96A7H         LINE#         222
  C:96A7H         LINE#         223
  C:96BEH         LINE#         224
  C:96C1H         LINE#         225
  C:96C1H         LINE#         226
  C:96C3H         LINE#         227
  C:96C5H         LINE#         228
  C:96C7H         LINE#         230
  C:96C7H         LINE#         231
  C:96C8H         LINE#         232
  C:96C8H         LINE#         233
  C:96D2H         LINE#         234
  C:96D2H         LINE#         235
  -------         ENDPROC       _STC15L2K60S2IAPREAD
  -------         PROC          _STC15L2K60S2IAPPROGRAM
  D:002BH         SYMBOL        addh
  D:0006H         SYMBOL        addl
  D:002DH         SYMBOL        buf
  D:0030H         SYMBOL        len
  -------         DO            
  D:0032H         SYMBOL        i
  -------         ENDDO         
  C:96D3H         LINE#         247
  C:96DDH         LINE#         248
  C:96DDH         LINE#         250
  C:96E4H         LINE#         251
  C:96E4H         LINE#         253
  C:96E4H         LINE#         255
  C:96E4H         LINE#         256
  C:96F4H         LINE#         257
  C:96F4H         LINE#         258
  C:970BH         LINE#         259
  C:970EH         LINE#         260
  C:970EH         LINE#         261
  C:9710H         LINE#         262
  C:9712H         LINE#         263
  C:9714H         LINE#         265
  C:9714H         LINE#         266
  C:9715H         LINE#         267
  C:9715H         LINE#         268
  C:971FH         LINE#         269
  C:971FH         LINE#         270
  -------         ENDPROC       _STC15L2K60S2IAPPROGRAM
  -------         PROC          STC15L2K60S2ENTERPOWERDOWN
BL51 BANKED LINKER/LOCATER V6.00                                                      01/26/2015  15:29:11  PAGE 133


  C:9CCDH         LINE#         295
  C:9CCDH         LINE#         296
  C:9CCDH         LINE#         297
  C:9CD0H         LINE#         298
  C:9CD3H         LINE#         299
  C:9CD5H         LINE#         300
  C:9CD8H         LINE#         301
  C:9CDAH         LINE#         302
  C:9CDCH         LINE#         303
  C:9CDFH         LINE#         304
  C:9CE1H         LINE#         305
  C:9CE3H         LINE#         306
  C:9CE6H         LINE#         307
  C:9CE8H         LINE#         308
  C:9CEAH         LINE#         309
  C:9CEDH         LINE#         310
  C:9CEFH         LINE#         311
  C:9CF1H         LINE#         312
  C:9CF3H         LINE#         313
  C:9CF6H         LINE#         314
  -------         ENDPROC       STC15L2K60S2ENTERPOWERDOWN
  -------         PROC          WDTENABLE
  C:A2A7H         LINE#         342
  C:A2A7H         LINE#         343
  C:A2A7H         LINE#         344
  C:A2AAH         LINE#         349
  -------         ENDPROC       WDTENABLE
  -------         PROC          WDTCLEAN
  C:A2ABH         LINE#         357
  C:A2ABH         LINE#         358
  C:A2ABH         LINE#         359
  C:A2AEH         LINE#         360
  -------         ENDPROC       WDTCLEAN
  -------         PROC          _UARTSEND
  D:0024H         SYMBOL        dat
  D:0005H         SYMBOL        len
  -------         DO            
  D:0007H         SYMBOL        i
  -------         ENDDO         
  C:9E0BH         LINE#         371
  C:9E11H         LINE#         372
  C:9E11H         LINE#         374
  C:9E18H         LINE#         375
  C:9E18H         LINE#         376
  C:9E28H         LINE#         377
  C:9E2BH         LINE#         378
  C:9E2DH         LINE#         379
  C:9E30H         LINE#         380
  -------         ENDPROC       _UARTSEND
  -------         ENDMOD        STC15F2K60S2FUNC

  -------         MODULE        ?C?FPADD
  C:2C68H         PUBLIC        ?C?FPADD
  C:2C64H         PUBLIC        ?C?FPSUB
  -------         ENDMOD        ?C?FPADD

  -------         MODULE        ?C?FPMUL
BL51 BANKED LINKER/LOCATER V6.00                                                      01/26/2015  15:29:11  PAGE 134


  C:2D59H         PUBLIC        ?C?FPMUL
  -------         ENDMOD        ?C?FPMUL

  -------         MODULE        ?C?FPDIV
  C:2E62H         PUBLIC        ?C?FPDIV
  -------         ENDMOD        ?C?FPDIV

  -------         MODULE        ?C?FPCMP
  C:2F01H         PUBLIC        ?C?FPCMP
  C:2EFFH         PUBLIC        ?C?FPCMP3
  -------         ENDMOD        ?C?FPCMP

  -------         MODULE        ?C?FPNEG
  C:2F6CH         PUBLIC        ?C?FPNEG
  -------         ENDMOD        ?C?FPNEG

  -------         MODULE        ?C?FCAST
  C:2F87H         PUBLIC        ?C?FCASTC
  C:2F82H         PUBLIC        ?C?FCASTI
  C:2F7DH         PUBLIC        ?C?FCASTL
  -------         ENDMOD        ?C?FCAST

  -------         MODULE        ?C?CASTF
  C:2FBBH         PUBLIC        ?C?CASTF
  -------         ENDMOD        ?C?CASTF

  -------         MODULE        PRINTF
  D:002BH         PUBLIC        ?_PRINTF?BYTE
  D:002BH         PUBLIC        ?_SPRINTF?BYTE
  C:5D5CH         PUBLIC        _PRINTF
  C:5D56H         PUBLIC        _SPRINTF
  -------         ENDMOD        PRINTF

  -------         MODULE        ATOF
  C:98D8H         PUBLIC        _ATOF
  -------         ENDMOD        ATOF

  -------         MODULE        SQRT
  C:8DE5H         PUBLIC        _SQRT
  -------         ENDMOD        SQRT

  -------         MODULE        ?C?FPROUND
  C:303CH         PUBLIC        ?C?FPROUND
  -------         ENDMOD        ?C?FPROUND

  -------         MODULE        ?C?FPCONVERT
  C:306BH         PUBLIC        ?C?FPCONVERT
  -------         ENDMOD        ?C?FPCONVERT

  -------         MODULE        ?C?FTNPWR
  C:319EH         PUBLIC        ?C?FTNPWR
  -------         ENDMOD        ?C?FTNPWR

  -------         MODULE        ?C?CLDPTR
  C:31DEH         PUBLIC        ?C?CLDPTR
  -------         ENDMOD        ?C?CLDPTR

BL51 BANKED LINKER/LOCATER V6.00                                                      01/26/2015  15:29:11  PAGE 135


  -------         MODULE        ?C?CLDOPTR
  C:31F7H         PUBLIC        ?C?CLDOPTR
  -------         ENDMOD        ?C?CLDOPTR

  -------         MODULE        ?C?CILDPTR
  C:3224H         PUBLIC        ?C?CILDPTR
  -------         ENDMOD        ?C?CILDPTR

  -------         MODULE        ?C?CILDOPTR
  C:3246H         PUBLIC        ?C?CILDOPTR
  -------         ENDMOD        ?C?CILDOPTR

  -------         MODULE        ?C?CSTPTR
  C:3279H         PUBLIC        ?C?CSTPTR
  -------         ENDMOD        ?C?CSTPTR

  -------         MODULE        ?C?CSTOPTR
  C:328BH         PUBLIC        ?C?CSTOPTR
  -------         ENDMOD        ?C?CSTOPTR

  -------         MODULE        ?C?IMUL
  C:32ADH         PUBLIC        ?C?IMUL
  -------         ENDMOD        ?C?IMUL

  -------         MODULE        ?C?UIDIV
  C:32BFH         PUBLIC        ?C?UIDIV
  -------         ENDMOD        ?C?UIDIV

  -------         MODULE        ?C?ILDOPTR
  C:3314H         PUBLIC        ?C?ILDOPTR
  -------         ENDMOD        ?C?ILDOPTR

  -------         MODULE        ?C?LMUL
  C:334CH         PUBLIC        ?C?LMUL
  -------         ENDMOD        ?C?LMUL

  -------         MODULE        ?C?SLDIV
  C:99AAH         PUBLIC        ?C?SLDIV
  -------         ENDMOD        ?C?SLDIV

  -------         MODULE        ?C?LNEG
  C:339BH         PUBLIC        ?C?LNEG
  -------         ENDMOD        ?C?LNEG

  -------         MODULE        ?C?SLCMP
  C:33A9H         PUBLIC        ?C?SLCMP
  -------         ENDMOD        ?C?SLCMP

  -------         MODULE        ?C?LLDIDATA
  C:33BFH         PUBLIC        ?C?LLDIDATA
  -------         ENDMOD        ?C?LLDIDATA

  -------         MODULE        ?C?LLDCODE
  C:33CBH         PUBLIC        ?C?LLDCODE
  -------         ENDMOD        ?C?LLDCODE

  -------         MODULE        ?C?LLDIDATA0
BL51 BANKED LINKER/LOCATER V6.00                                                      01/26/2015  15:29:11  PAGE 136


  C:33DBH         PUBLIC        ?C?LLDIDATA0
  -------         ENDMOD        ?C?LLDIDATA0

  -------         MODULE        ?C?LLDCODE0
  C:33E8H         PUBLIC        ?C?LLDCODE0
  -------         ENDMOD        ?C?LLDCODE0

  -------         MODULE        ?C?LSTIDATA
  C:33F8H         PUBLIC        ?C?LSTIDATA
  -------         ENDMOD        ?C?LSTIDATA

  -------         MODULE        ?C?LSTXDATA
  C:3404H         PUBLIC        ?C?LSTXDATA
  -------         ENDMOD        ?C?LSTXDATA

  -------         MODULE        ?C?LSTKIDATA
  C:3410H         PUBLIC        ?C?LSTKIDATA
  -------         ENDMOD        ?C?LSTKIDATA

  -------         MODULE        ?C?LSTKXDATA
  C:3429H         PUBLIC        ?C?LSTKXDATA
  -------         ENDMOD        ?C?LSTKXDATA

  -------         MODULE        ?C?PLDIIDATA
  C:345AH         PUBLIC        ?C?PLDIIDATA
  -------         ENDMOD        ?C?PLDIIDATA

  -------         MODULE        ?C?PLDOPTR
  C:346AH         PUBLIC        ?C?PLDOPTR
  -------         ENDMOD        ?C?PLDOPTR

  -------         MODULE        ?C?CCASE
  C:349AH         PUBLIC        ?C?CCASE
  -------         ENDMOD        ?C?CCASE

  -------         MODULE        ?C?ICALL
  C:34C0H         PUBLIC        ?C?ICALL
  C:34C4H         PUBLIC        ?C?ICALL2
  -------         ENDMOD        ?C?ICALL

  -------         MODULE        PUTCHAR
  C:9D98H         PUBLIC        _PUTCHAR
  -------         ENDMOD        PUTCHAR

  -------         MODULE        ISSPACE
  C:A200H         PUBLIC        _isspace
  -------         ENDMOD        ISSPACE

  -------         MODULE        ?C?ULDIV
  C:3502H         PUBLIC        ?C?ULDIV
  -------         ENDMOD        ?C?ULDIV

  -------         MODULE        ?C?PLDIDATA
  C:3594H         PUBLIC        ?C?PLDIDATA
  -------         ENDMOD        ?C?PLDIDATA

  -------         MODULE        ?C?PLDXDATA
BL51 BANKED LINKER/LOCATER V6.00                                                      01/26/2015  15:29:11  PAGE 137


  C:359DH         PUBLIC        ?C?PLDXDATA
  -------         ENDMOD        ?C?PLDXDATA

  -------         MODULE        ?C?PLDPDATA
  C:35A6H         PUBLIC        ?C?PLDPDATA
  -------         ENDMOD        ?C?PLDPDATA

  -------         MODULE        ?C?PLDCODE
  C:35AFH         PUBLIC        ?C?PLDCODE
  -------         ENDMOD        ?C?PLDCODE

Program Size: data=215.1 xdata=1127 code=41646
LINK/LOCATE RUN COMPLETE.  0 WARNING(S),  0 ERROR(S)
